Component: ARM Compiler 5.06 update 7 (build 960) Tool: armlink [4d3601]

==============================================================================

Section Cross References

    main.o(.text) refers to stm32f10x_rcc.o(.text) for RCC_GetClocksFreq
    main.o(.text) refers to oled.o(.text) for OLED_Init
    main.o(.text) refers to uart.o(.text) for UART1_Init
    main.o(.text) refers to ov2640.o(.text) for OV2640_Init
    main.o(.text) refers to rt_memclr_w.o(.text) for __aeabi_memclr4
    oled.o(.text) refers to i2c.o(.text) for SW_I2C_Start
    oled.o(.text) refers to delay.o(.text) for Delay_s
    oled.o(.text) refers to oled_font.o(.data) for Font8x16
    ov2640.o(.text) refers to stm32f10x_gpio.o(.text) for GPIO_ResetBits
    ov2640.o(.text) refers to delay.o(.text) for Delay_ms
    ov2640.o(.text) refers to sccb.o(.text) for SW_SCCB_Register_Write
    ov2640.o(.text) refers to stm32f10x_rcc.o(.text) for RCC_APB2PeriphClockCmd
    ov2640.o(.text) refers to uart.o(.text) for UART1_Transmit
    ov2640.o(.text) refers to stm32f10x_dma.o(.text) for DMA_Init
    ov2640.o(.text) refers to stm32f10x_tim.o(.text) for TIM_TimeBaseInit
    ov2640.o(.text) refers to ov2640_cfg.o(.constdata) for atk_mc2640_init_uxga_cfg
    ov2640.o(.text) refers to ov2640_cfg.o(.constdata) for atk_mc2640_set_yuv422_cfg
    ov2640.o(.text) refers to ov2640_cfg.o(.constdata) for atk_mc2640_set_jpeg_cfg
    i2c.o(.text) refers to stm32f10x_rcc.o(.text) for RCC_APB2PeriphClockCmd
    i2c.o(.text) refers to stm32f10x_gpio.o(.text) for GPIO_Init
    i2c.o(.text) refers to stm32f10x_i2c.o(.text) for I2C_Init
    sccb.o(.text) refers to stm32f10x_rcc.o(.text) for RCC_APB2PeriphClockCmd
    sccb.o(.text) refers to stm32f10x_gpio.o(.text) for GPIO_Init
    sccb.o(.text) refers to delay.o(.text) for Delay_us
    sccb.o(.text) refers to stm32f10x_i2c.o(.text) for I2C_Init
    uart.o(.text) refers to stm32f10x_rcc.o(.text) for RCC_APB2PeriphClockCmd
    uart.o(.text) refers to stm32f10x_gpio.o(.text) for GPIO_Init
    uart.o(.text) refers to stm32f10x_usart.o(.text) for USART_Init
    system_stm32f10x.o(.text) refers to system_stm32f10x.o(.data) for .data
    startup_stm32f10x_md.o(STACK) refers (Special) to heapauxi.o(.text) for __use_two_region_memory
    startup_stm32f10x_md.o(HEAP) refers (Special) to heapauxi.o(.text) for __use_two_region_memory
    startup_stm32f10x_md.o(RESET) refers (Special) to heapauxi.o(.text) for __use_two_region_memory
    startup_stm32f10x_md.o(RESET) refers to startup_stm32f10x_md.o(STACK) for __initial_sp
    startup_stm32f10x_md.o(RESET) refers to startup_stm32f10x_md.o(.text) for Reset_Handler
    startup_stm32f10x_md.o(RESET) refers to stm32f10x_it.o(.text) for NMI_Handler
    startup_stm32f10x_md.o(.text) refers (Special) to heapauxi.o(.text) for __use_two_region_memory
    startup_stm32f10x_md.o(.text) refers to system_stm32f10x.o(.text) for SystemInit
    startup_stm32f10x_md.o(.text) refers to __main.o(!!!main) for __main
    startup_stm32f10x_md.o(.text) refers to startup_stm32f10x_md.o(HEAP) for Heap_Mem
    startup_stm32f10x_md.o(.text) refers to startup_stm32f10x_md.o(STACK) for Stack_Mem
    stm32f10x_adc.o(.text) refers to stm32f10x_rcc.o(.text) for RCC_APB2PeriphResetCmd
    stm32f10x_bkp.o(.text) refers to stm32f10x_rcc.o(.text) for RCC_BackupResetCmd
    stm32f10x_can.o(.text) refers to stm32f10x_rcc.o(.text) for RCC_APB1PeriphResetCmd
    stm32f10x_cec.o(.text) refers to stm32f10x_rcc.o(.text) for RCC_APB1PeriphResetCmd
    stm32f10x_dac.o(.text) refers to stm32f10x_rcc.o(.text) for RCC_APB1PeriphResetCmd
    stm32f10x_gpio.o(.text) refers to stm32f10x_rcc.o(.text) for RCC_APB2PeriphResetCmd
    stm32f10x_i2c.o(.text) refers to stm32f10x_rcc.o(.text) for RCC_APB1PeriphResetCmd
    stm32f10x_pwr.o(.text) refers to stm32f10x_rcc.o(.text) for RCC_APB1PeriphResetCmd
    stm32f10x_rcc.o(.text) refers to stm32f10x_rcc.o(.data) for .data
    stm32f10x_spi.o(.text) refers to stm32f10x_rcc.o(.text) for RCC_APB2PeriphResetCmd
    stm32f10x_tim.o(.text) refers to stm32f10x_rcc.o(.text) for RCC_APB1PeriphResetCmd
    stm32f10x_usart.o(.text) refers to stm32f10x_rcc.o(.text) for RCC_APB2PeriphResetCmd
    stm32f10x_wwdg.o(.text) refers to stm32f10x_rcc.o(.text) for RCC_APB1PeriphResetCmd
    __main.o(!!!main) refers to __rtentry.o(.ARM.Collect$$rtentry$$00000000) for __rt_entry
    __rtentry.o(.ARM.Collect$$rtentry$$00000000) refers (Special) to __rtentry2.o(.ARM.Collect$$rtentry$$0000000A) for __rt_entry_li
    __rtentry.o(.ARM.Collect$$rtentry$$00000000) refers (Special) to __rtentry2.o(.ARM.Collect$$rtentry$$0000000D) for __rt_entry_main
    __rtentry.o(.ARM.Collect$$rtentry$$00000000) refers (Special) to __rtentry2.o(.ARM.Collect$$rtentry$$0000000C) for __rt_entry_postli_1
    __rtentry.o(.ARM.Collect$$rtentry$$00000000) refers (Special) to __rtentry2.o(.ARM.Collect$$rtentry$$00000009) for __rt_entry_postsh_1
    __rtentry.o(.ARM.Collect$$rtentry$$00000000) refers (Special) to __rtentry2.o(.ARM.Collect$$rtentry$$00000002) for __rt_entry_presh_1
    __rtentry.o(.ARM.Collect$$rtentry$$00000000) refers (Special) to __rtentry4.o(.ARM.Collect$$rtentry$$00000004) for __rt_entry_sh
    __rtentry2.o(.ARM.Collect$$rtentry$$00000008) refers to boardinit2.o(.text) for _platform_post_stackheap_init
    __rtentry2.o(.ARM.Collect$$rtentry$$0000000A) refers to libinit.o(.ARM.Collect$$libinit$$00000000) for __rt_lib_init
    __rtentry2.o(.ARM.Collect$$rtentry$$0000000B) refers to boardinit3.o(.text) for _platform_post_lib_init
    __rtentry2.o(.ARM.Collect$$rtentry$$0000000D) refers to main.o(.text) for main
    __rtentry2.o(.ARM.Collect$$rtentry$$0000000D) refers to exit.o(.text) for exit
    __rtentry2.o(.ARM.exidx) refers to __rtentry2.o(.ARM.Collect$$rtentry$$00000001) for .ARM.Collect$$rtentry$$00000001
    __rtentry2.o(.ARM.exidx) refers to __rtentry2.o(.ARM.Collect$$rtentry$$00000008) for .ARM.Collect$$rtentry$$00000008
    __rtentry2.o(.ARM.exidx) refers to __rtentry2.o(.ARM.Collect$$rtentry$$0000000A) for .ARM.Collect$$rtentry$$0000000A
    __rtentry2.o(.ARM.exidx) refers to __rtentry2.o(.ARM.Collect$$rtentry$$0000000B) for .ARM.Collect$$rtentry$$0000000B
    __rtentry2.o(.ARM.exidx) refers to __rtentry2.o(.ARM.Collect$$rtentry$$0000000D) for .ARM.Collect$$rtentry$$0000000D
    __rtentry4.o(.ARM.Collect$$rtentry$$00000004) refers to sys_stackheap_outer.o(.text) for __user_setup_stackheap
    __rtentry4.o(.ARM.exidx) refers to __rtentry4.o(.ARM.Collect$$rtentry$$00000004) for .ARM.Collect$$rtentry$$00000004
    sys_stackheap_outer.o(.text) refers to libspace.o(.text) for __user_perproc_libspace
    sys_stackheap_outer.o(.text) refers to startup_stm32f10x_md.o(.text) for __user_initial_stackheap
    exit.o(.text) refers to rtexit.o(.ARM.Collect$$rtexit$$00000000) for __rt_exit
    libinit.o(.ARM.Collect$$libinit$$00000000) refers (Special) to libinit2.o(.ARM.Collect$$libinit$$0000002E) for __rt_lib_init_alloca_1
    libinit.o(.ARM.Collect$$libinit$$00000000) refers (Special) to libinit2.o(.ARM.Collect$$libinit$$0000002C) for __rt_lib_init_argv_1
    libinit.o(.ARM.Collect$$libinit$$00000000) refers (Special) to libinit2.o(.ARM.Collect$$libinit$$0000001B) for __rt_lib_init_atexit_1
    libinit.o(.ARM.Collect$$libinit$$00000000) refers (Special) to libinit2.o(.ARM.Collect$$libinit$$00000021) for __rt_lib_init_clock_1
    libinit.o(.ARM.Collect$$libinit$$00000000) refers (Special) to libinit2.o(.ARM.Collect$$libinit$$00000032) for __rt_lib_init_cpp_1
    libinit.o(.ARM.Collect$$libinit$$00000000) refers (Special) to libinit2.o(.ARM.Collect$$libinit$$00000030) for __rt_lib_init_exceptions_1
    libinit.o(.ARM.Collect$$libinit$$00000000) refers (Special) to libinit2.o(.ARM.Collect$$libinit$$00000002) for __rt_lib_init_fp_1
    libinit.o(.ARM.Collect$$libinit$$00000000) refers (Special) to libinit2.o(.ARM.Collect$$libinit$$0000001F) for __rt_lib_init_fp_trap_1
    libinit.o(.ARM.Collect$$libinit$$00000000) refers (Special) to libinit2.o(.ARM.Collect$$libinit$$00000023) for __rt_lib_init_getenv_1
    libinit.o(.ARM.Collect$$libinit$$00000000) refers (Special) to libinit2.o(.ARM.Collect$$libinit$$0000000A) for __rt_lib_init_heap_1
    libinit.o(.ARM.Collect$$libinit$$00000000) refers (Special) to libinit2.o(.ARM.Collect$$libinit$$00000011) for __rt_lib_init_lc_collate_1
    libinit.o(.ARM.Collect$$libinit$$00000000) refers (Special) to libinit2.o(.ARM.Collect$$libinit$$00000013) for __rt_lib_init_lc_ctype_1
    libinit.o(.ARM.Collect$$libinit$$00000000) refers (Special) to libinit2.o(.ARM.Collect$$libinit$$00000015) for __rt_lib_init_lc_monetary_1
    libinit.o(.ARM.Collect$$libinit$$00000000) refers (Special) to libinit2.o(.ARM.Collect$$libinit$$00000017) for __rt_lib_init_lc_numeric_1
    libinit.o(.ARM.Collect$$libinit$$00000000) refers (Special) to libinit2.o(.ARM.Collect$$libinit$$00000019) for __rt_lib_init_lc_time_1
    libinit.o(.ARM.Collect$$libinit$$00000000) refers (Special) to libinit2.o(.ARM.Collect$$libinit$$00000004) for __rt_lib_init_preinit_1
    libinit.o(.ARM.Collect$$libinit$$00000000) refers (Special) to libinit2.o(.ARM.Collect$$libinit$$0000000E) for __rt_lib_init_rand_1
    libinit.o(.ARM.Collect$$libinit$$00000000) refers (Special) to libinit2.o(.ARM.Collect$$libinit$$00000033) for __rt_lib_init_return
    libinit.o(.ARM.Collect$$libinit$$00000000) refers (Special) to libinit2.o(.ARM.Collect$$libinit$$0000001D) for __rt_lib_init_signal_1
    libinit.o(.ARM.Collect$$libinit$$00000000) refers (Special) to libinit2.o(.ARM.Collect$$libinit$$00000025) for __rt_lib_init_stdio_1
    libinit.o(.ARM.Collect$$libinit$$00000000) refers (Special) to libinit2.o(.ARM.Collect$$libinit$$0000000C) for __rt_lib_init_user_alloc_1
    libspace.o(.text) refers to libspace.o(.bss) for __libspace_start
    rtexit.o(.ARM.Collect$$rtexit$$00000000) refers (Special) to rtexit2.o(.ARM.Collect$$rtexit$$00000004) for __rt_exit_exit
    rtexit.o(.ARM.Collect$$rtexit$$00000000) refers (Special) to rtexit2.o(.ARM.Collect$$rtexit$$00000003) for __rt_exit_ls
    rtexit.o(.ARM.Collect$$rtexit$$00000000) refers (Special) to rtexit2.o(.ARM.Collect$$rtexit$$00000002) for __rt_exit_prels_1
    rtexit.o(.ARM.exidx) refers (Special) to rtexit2.o(.ARM.Collect$$rtexit$$00000004) for __rt_exit_exit
    rtexit.o(.ARM.exidx) refers (Special) to rtexit2.o(.ARM.Collect$$rtexit$$00000003) for __rt_exit_ls
    rtexit.o(.ARM.exidx) refers (Special) to rtexit2.o(.ARM.Collect$$rtexit$$00000002) for __rt_exit_prels_1
    rtexit.o(.ARM.exidx) refers to rtexit.o(.ARM.Collect$$rtexit$$00000000) for .ARM.Collect$$rtexit$$00000000
    libinit2.o(.ARM.Collect$$libinit$$00000010) refers to libinit2.o(.ARM.Collect$$libinit$$0000000F) for .ARM.Collect$$libinit$$0000000F
    libinit2.o(.ARM.Collect$$libinit$$00000012) refers to libinit2.o(.ARM.Collect$$libinit$$0000000F) for .ARM.Collect$$libinit$$0000000F
    libinit2.o(.ARM.Collect$$libinit$$00000014) refers to libinit2.o(.ARM.Collect$$libinit$$0000000F) for .ARM.Collect$$libinit$$0000000F
    libinit2.o(.ARM.Collect$$libinit$$00000016) refers to libinit2.o(.ARM.Collect$$libinit$$0000000F) for .ARM.Collect$$libinit$$0000000F
    libinit2.o(.ARM.Collect$$libinit$$00000018) refers to libinit2.o(.ARM.Collect$$libinit$$0000000F) for .ARM.Collect$$libinit$$0000000F
    libinit2.o(.ARM.Collect$$libinit$$00000026) refers to argv_veneer.o(.emb_text) for __ARM_argv_veneer
    libinit2.o(.ARM.Collect$$libinit$$00000027) refers to argv_veneer.o(.emb_text) for __ARM_argv_veneer
    rtexit2.o(.ARM.Collect$$rtexit$$00000003) refers to libshutdown.o(.ARM.Collect$$libshutdown$$00000000) for __rt_lib_shutdown
    rtexit2.o(.ARM.Collect$$rtexit$$00000004) refers to sys_exit.o(.text) for _sys_exit
    rtexit2.o(.ARM.exidx) refers to rtexit2.o(.ARM.Collect$$rtexit$$00000001) for .ARM.Collect$$rtexit$$00000001
    rtexit2.o(.ARM.exidx) refers to rtexit2.o(.ARM.Collect$$rtexit$$00000003) for .ARM.Collect$$rtexit$$00000003
    rtexit2.o(.ARM.exidx) refers to rtexit2.o(.ARM.Collect$$rtexit$$00000004) for .ARM.Collect$$rtexit$$00000004
    argv_veneer.o(.emb_text) refers to no_argv.o(.text) for __ARM_get_argv
    sys_exit.o(.text) refers (Special) to use_no_semi.o(.text) for __I$use$semihosting
    sys_exit.o(.text) refers (Special) to indicate_semi.o(.text) for __semihosting_library_function
    _get_argv_nomalloc.o(.text) refers (Special) to hrguard.o(.text) for __heap_region$guard
    _get_argv_nomalloc.o(.text) refers to defsig_rtmem_outer.o(.text) for __rt_SIGRTMEM
    _get_argv_nomalloc.o(.text) refers to sys_command.o(.text) for _sys_command_string
    libshutdown.o(.ARM.Collect$$libshutdown$$00000000) refers (Special) to libshutdown2.o(.ARM.Collect$$libshutdown$$00000004) for __rt_lib_shutdown_cpp_1
    libshutdown.o(.ARM.Collect$$libshutdown$$00000000) refers (Special) to libshutdown2.o(.ARM.Collect$$libshutdown$$00000002) for __rt_lib_shutdown_fini_1
    libshutdown.o(.ARM.Collect$$libshutdown$$00000000) refers (Special) to libshutdown2.o(.ARM.Collect$$libshutdown$$00000009) for __rt_lib_shutdown_fp_trap_1
    libshutdown.o(.ARM.Collect$$libshutdown$$00000000) refers (Special) to libshutdown2.o(.ARM.Collect$$libshutdown$$00000011) for __rt_lib_shutdown_heap_1
    libshutdown.o(.ARM.Collect$$libshutdown$$00000000) refers (Special) to libshutdown2.o(.ARM.Collect$$libshutdown$$00000012) for __rt_lib_shutdown_return
    libshutdown.o(.ARM.Collect$$libshutdown$$00000000) refers (Special) to libshutdown2.o(.ARM.Collect$$libshutdown$$0000000C) for __rt_lib_shutdown_signal_1
    libshutdown.o(.ARM.Collect$$libshutdown$$00000000) refers (Special) to libshutdown2.o(.ARM.Collect$$libshutdown$$00000006) for __rt_lib_shutdown_stdio_1
    libshutdown.o(.ARM.Collect$$libshutdown$$00000000) refers (Special) to libshutdown2.o(.ARM.Collect$$libshutdown$$0000000E) for __rt_lib_shutdown_user_alloc_1
    sys_command.o(.text) refers (Special) to use_no_semi.o(.text) for __I$use$semihosting
    sys_command.o(.text) refers (Special) to indicate_semi.o(.text) for __semihosting_library_function
    defsig_rtmem_outer.o(.text) refers to defsig_rtmem_inner.o(.text) for __rt_SIGRTMEM_inner
    defsig_rtmem_outer.o(.text) refers to defsig_exit.o(.text) for __sig_exit
    defsig_rtmem_formal.o(.text) refers to rt_raise.o(.text) for __rt_raise
    rt_raise.o(.text) refers to __raise.o(.text) for __raise
    rt_raise.o(.text) refers to sys_exit.o(.text) for _sys_exit
    defsig_exit.o(.text) refers to sys_exit.o(.text) for _sys_exit
    defsig_rtmem_inner.o(.text) refers to defsig_general.o(.text) for __default_signal_display
    __raise.o(.text) refers to defsig.o(CL$$defsig) for __default_signal_handler
    defsig_general.o(.text) refers to sys_wrch.o(.text) for _ttywrch
    sys_wrch.o(.text) refers (Special) to use_no_semi.o(.text) for __I$use$semihosting
    sys_wrch.o(.text) refers (Special) to indicate_semi.o(.text) for __semihosting_library_function
    defsig.o(CL$$defsig) refers to defsig_rtmem_inner.o(.text) for __rt_SIGRTMEM_inner
    defsig_abrt_inner.o(.text) refers to defsig_general.o(.text) for __default_signal_display
    defsig_fpe_inner.o(.text) refers to defsig_general.o(.text) for __default_signal_display
    defsig_rtred_inner.o(.text) refers to defsig_general.o(.text) for __default_signal_display
    defsig_stak_inner.o(.text) refers to defsig_general.o(.text) for __default_signal_display
    defsig_pvfn_inner.o(.text) refers to defsig_general.o(.text) for __default_signal_display
    defsig_cppl_inner.o(.text) refers to defsig_general.o(.text) for __default_signal_display
    defsig_segv_inner.o(.text) refers to defsig_general.o(.text) for __default_signal_display
    defsig_other.o(.text) refers to defsig_general.o(.text) for __default_signal_display


==============================================================================

Removing Unused input sections from the image.

    Removing ov2640_cfg.o(.constdata), (354 bytes).
    Removing ov2640_cfg.o(.constdata), (28 bytes).
    Removing ov2640_cfg.o(.constdata), (4 bytes).
    Removing core_cm3.o(.emb_text), (32 bytes).
    Removing misc.o(.text), (176 bytes).
    Removing stm32f10x_adc.o(.text), (816 bytes).
    Removing stm32f10x_bkp.o(.text), (152 bytes).
    Removing stm32f10x_can.o(.text), (1824 bytes).
    Removing stm32f10x_cec.o(.text), (248 bytes).
    Removing stm32f10x_crc.o(.text), (64 bytes).
    Removing stm32f10x_dac.o(.text), (252 bytes).
    Removing stm32f10x_dbgmcu.o(.text), (40 bytes).
    Removing stm32f10x_exti.o(.text), (232 bytes).
    Removing stm32f10x_flash.o(.text), (1148 bytes).
    Removing stm32f10x_fsmc.o(.text), (1148 bytes).
    Removing stm32f10x_iwdg.o(.text), (60 bytes).
    Removing stm32f10x_pwr.o(.text), (164 bytes).
    Removing stm32f10x_rtc.o(.text), (284 bytes).
    Removing stm32f10x_sdio.o(.text), (416 bytes).
    Removing stm32f10x_spi.o(.text), (628 bytes).
    Removing stm32f10x_wwdg.o(.text), (124 bytes).

21 unused section(s) (total 8194 bytes) removed from the image.

==============================================================================

Image Symbol Table

    Local Symbols

    Symbol Name                              Value     Ov Type        Size  Object(Section)

    ../clib/angel/boardlib.s                 0x00000000   Number         0  boardshut.o ABSOLUTE
    ../clib/angel/boardlib.s                 0x00000000   Number         0  boardinit1.o ABSOLUTE
    ../clib/angel/boardlib.s                 0x00000000   Number         0  boardinit2.o ABSOLUTE
    ../clib/angel/boardlib.s                 0x00000000   Number         0  boardinit3.o ABSOLUTE
    ../clib/angel/dczerorl2.s                0x00000000   Number         0  __dczerorl2.o ABSOLUTE
    ../clib/angel/handlers.s                 0x00000000   Number         0  __scatter_zi.o ABSOLUTE
    ../clib/angel/kernel.s                   0x00000000   Number         0  rtexit2.o ABSOLUTE
    ../clib/angel/kernel.s                   0x00000000   Number         0  __rtentry4.o ABSOLUTE
    ../clib/angel/kernel.s                   0x00000000   Number         0  __rtentry2.o ABSOLUTE
    ../clib/angel/kernel.s                   0x00000000   Number         0  rtexit.o ABSOLUTE
    ../clib/angel/kernel.s                   0x00000000   Number         0  __rtentry.o ABSOLUTE
    ../clib/angel/rt.s                       0x00000000   Number         0  rt_raise.o ABSOLUTE
    ../clib/angel/scatter.s                  0x00000000   Number         0  __scatter.o ABSOLUTE
    ../clib/angel/startup.s                  0x00000000   Number         0  __main.o ABSOLUTE
    ../clib/angel/sys.s                      0x00000000   Number         0  sys_stackheap_outer.o ABSOLUTE
    ../clib/angel/sys.s                      0x00000000   Number         0  indicate_semi.o ABSOLUTE
    ../clib/angel/sys.s                      0x00000000   Number         0  libspace.o ABSOLUTE
    ../clib/angel/sys.s                      0x00000000   Number         0  use_no_semi.o ABSOLUTE
    ../clib/angel/sysapp.c                   0x00000000   Number         0  sys_exit.o ABSOLUTE
    ../clib/angel/sysapp.c                   0x00000000   Number         0  sys_command.o ABSOLUTE
    ../clib/angel/sysapp.c                   0x00000000   Number         0  sys_wrch.o ABSOLUTE
    ../clib/armsys.c                         0x00000000   Number         0  argv_veneer.o ABSOLUTE
    ../clib/armsys.c                         0x00000000   Number         0  no_argv.o ABSOLUTE
    ../clib/armsys.c                         0x00000000   Number         0  _get_argv_nomalloc.o ABSOLUTE
    ../clib/armsys.c                         0x00000000   Number         0  argv_veneer.o ABSOLUTE
    ../clib/heapalloc.c                      0x00000000   Number         0  hrguard.o ABSOLUTE
    ../clib/heapaux.c                        0x00000000   Number         0  heapauxi.o ABSOLUTE
    ../clib/libinit.s                        0x00000000   Number         0  libshutdown2.o ABSOLUTE
    ../clib/libinit.s                        0x00000000   Number         0  libinit.o ABSOLUTE
    ../clib/libinit.s                        0x00000000   Number         0  libshutdown.o ABSOLUTE
    ../clib/libinit.s                        0x00000000   Number         0  libinit2.o ABSOLUTE
    ../clib/memcpset.s                       0x00000000   Number         0  rt_memclr_w.o ABSOLUTE
    ../clib/signal.c                         0x00000000   Number         0  defsig_pvfn_inner.o ABSOLUTE
    ../clib/signal.c                         0x00000000   Number         0  defsig_rtmem_inner.o ABSOLUTE
    ../clib/signal.c                         0x00000000   Number         0  defsig_other.o ABSOLUTE
    ../clib/signal.c                         0x00000000   Number         0  defsig_exit.o ABSOLUTE
    ../clib/signal.c                         0x00000000   Number         0  defsig_segv_inner.o ABSOLUTE
    ../clib/signal.c                         0x00000000   Number         0  defsig_general.o ABSOLUTE
    ../clib/signal.c                         0x00000000   Number         0  defsig_cppl_inner.o ABSOLUTE
    ../clib/signal.c                         0x00000000   Number         0  __raise.o ABSOLUTE
    ../clib/signal.c                         0x00000000   Number         0  defsig_rtmem_formal.o ABSOLUTE
    ../clib/signal.c                         0x00000000   Number         0  defsig_stak_inner.o ABSOLUTE
    ../clib/signal.c                         0x00000000   Number         0  defsig_rtred_inner.o ABSOLUTE
    ../clib/signal.c                         0x00000000   Number         0  defsig_fpe_inner.o ABSOLUTE
    ../clib/signal.c                         0x00000000   Number         0  defsig_abrt_inner.o ABSOLUTE
    ../clib/signal.c                         0x00000000   Number         0  defsig_rtmem_outer.o ABSOLUTE
    ../clib/signal.s                         0x00000000   Number         0  defsig.o ABSOLUTE
    ../clib/stdlib.c                         0x00000000   Number         0  exit.o ABSOLUTE
    ../fplib/fpinit.s                        0x00000000   Number         0  fpinit.o ABSOLUTE
    CMSIS\Core\core_cm3.c                    0x00000000   Number         0  core_cm3.o ABSOLUTE
    CMSIS\Device\startup\startup_stm32f10x_md.s 0x00000000   Number         0  startup_stm32f10x_md.o ABSOLUTE
    CMSIS\Device\system_stm32f10x.c          0x00000000   Number         0  system_stm32f10x.o ABSOLUTE
    CMSIS\\Core\\core_cm3.c                  0x00000000   Number         0  core_cm3.o ABSOLUTE
    Core\main.c                              0x00000000   Number         0  main.o ABSOLUTE
    Core\stm32f10x_it.c                      0x00000000   Number         0  stm32f10x_it.o ABSOLUTE
    Module\oled.c                            0x00000000   Number         0  oled.o ABSOLUTE
    Module\oled_font.c                       0x00000000   Number         0  oled_font.o ABSOLUTE
    Module\ov2640.c                          0x00000000   Number         0  ov2640.o ABSOLUTE
    Module\ov2640_cfg.c                      0x00000000   Number         0  ov2640_cfg.o ABSOLUTE
    Module\sht30.c                           0x00000000   Number         0  sht30.o ABSOLUTE
    Peripheral\i2c.c                         0x00000000   Number         0  i2c.o ABSOLUTE
    Peripheral\sccb.c                        0x00000000   Number         0  sccb.o ABSOLUTE
    Peripheral\uart.c                        0x00000000   Number         0  uart.o ABSOLUTE
    SPL\src\misc.c                           0x00000000   Number         0  misc.o ABSOLUTE
    SPL\src\stm32f10x_adc.c                  0x00000000   Number         0  stm32f10x_adc.o ABSOLUTE
    SPL\src\stm32f10x_bkp.c                  0x00000000   Number         0  stm32f10x_bkp.o ABSOLUTE
    SPL\src\stm32f10x_can.c                  0x00000000   Number         0  stm32f10x_can.o ABSOLUTE
    SPL\src\stm32f10x_cec.c                  0x00000000   Number         0  stm32f10x_cec.o ABSOLUTE
    SPL\src\stm32f10x_crc.c                  0x00000000   Number         0  stm32f10x_crc.o ABSOLUTE
    SPL\src\stm32f10x_dac.c                  0x00000000   Number         0  stm32f10x_dac.o ABSOLUTE
    SPL\src\stm32f10x_dbgmcu.c               0x00000000   Number         0  stm32f10x_dbgmcu.o ABSOLUTE
    SPL\src\stm32f10x_dma.c                  0x00000000   Number         0  stm32f10x_dma.o ABSOLUTE
    SPL\src\stm32f10x_exti.c                 0x00000000   Number         0  stm32f10x_exti.o ABSOLUTE
    SPL\src\stm32f10x_flash.c                0x00000000   Number         0  stm32f10x_flash.o ABSOLUTE
    SPL\src\stm32f10x_fsmc.c                 0x00000000   Number         0  stm32f10x_fsmc.o ABSOLUTE
    SPL\src\stm32f10x_gpio.c                 0x00000000   Number         0  stm32f10x_gpio.o ABSOLUTE
    SPL\src\stm32f10x_i2c.c                  0x00000000   Number         0  stm32f10x_i2c.o ABSOLUTE
    SPL\src\stm32f10x_iwdg.c                 0x00000000   Number         0  stm32f10x_iwdg.o ABSOLUTE
    SPL\src\stm32f10x_pwr.c                  0x00000000   Number         0  stm32f10x_pwr.o ABSOLUTE
    SPL\src\stm32f10x_rcc.c                  0x00000000   Number         0  stm32f10x_rcc.o ABSOLUTE
    SPL\src\stm32f10x_rtc.c                  0x00000000   Number         0  stm32f10x_rtc.o ABSOLUTE
    SPL\src\stm32f10x_sdio.c                 0x00000000   Number         0  stm32f10x_sdio.o ABSOLUTE
    SPL\src\stm32f10x_spi.c                  0x00000000   Number         0  stm32f10x_spi.o ABSOLUTE
    SPL\src\stm32f10x_tim.c                  0x00000000   Number         0  stm32f10x_tim.o ABSOLUTE
    SPL\src\stm32f10x_usart.c                0x00000000   Number         0  stm32f10x_usart.o ABSOLUTE
    SPL\src\stm32f10x_wwdg.c                 0x00000000   Number         0  stm32f10x_wwdg.o ABSOLUTE
    System\delay.c                           0x00000000   Number         0  delay.o ABSOLUTE
    dc.s                                     0x00000000   Number         0  dc.o ABSOLUTE
    RESET                                    0x08000000   Section      236  startup_stm32f10x_md.o(RESET)
    !!!main                                  0x080000ec   Section        8  __main.o(!!!main)
    !!!scatter                               0x080000f4   Section       52  __scatter.o(!!!scatter)
    !!dczerorl2                              0x08000128   Section       90  __dczerorl2.o(!!dczerorl2)
    !!handler_zi                             0x08000184   Section       28  __scatter_zi.o(!!handler_zi)
    .ARM.Collect$$libinit$$00000000          0x080001a0   Section        2  libinit.o(.ARM.Collect$$libinit$$00000000)
    .ARM.Collect$$libinit$$00000002          0x080001a2   Section        0  libinit2.o(.ARM.Collect$$libinit$$00000002)
    .ARM.Collect$$libinit$$00000004          0x080001a2   Section        0  libinit2.o(.ARM.Collect$$libinit$$00000004)
    .ARM.Collect$$libinit$$0000000A          0x080001a2   Section        0  libinit2.o(.ARM.Collect$$libinit$$0000000A)
    .ARM.Collect$$libinit$$0000000C          0x080001a2   Section        0  libinit2.o(.ARM.Collect$$libinit$$0000000C)
    .ARM.Collect$$libinit$$0000000E          0x080001a2   Section        0  libinit2.o(.ARM.Collect$$libinit$$0000000E)
    .ARM.Collect$$libinit$$00000011          0x080001a2   Section        0  libinit2.o(.ARM.Collect$$libinit$$00000011)
    .ARM.Collect$$libinit$$00000013          0x080001a2   Section        0  libinit2.o(.ARM.Collect$$libinit$$00000013)
    .ARM.Collect$$libinit$$00000015          0x080001a2   Section        0  libinit2.o(.ARM.Collect$$libinit$$00000015)
    .ARM.Collect$$libinit$$00000017          0x080001a2   Section        0  libinit2.o(.ARM.Collect$$libinit$$00000017)
    .ARM.Collect$$libinit$$00000019          0x080001a2   Section        0  libinit2.o(.ARM.Collect$$libinit$$00000019)
    .ARM.Collect$$libinit$$0000001B          0x080001a2   Section        0  libinit2.o(.ARM.Collect$$libinit$$0000001B)
    .ARM.Collect$$libinit$$0000001D          0x080001a2   Section        0  libinit2.o(.ARM.Collect$$libinit$$0000001D)
    .ARM.Collect$$libinit$$0000001F          0x080001a2   Section        0  libinit2.o(.ARM.Collect$$libinit$$0000001F)
    .ARM.Collect$$libinit$$00000021          0x080001a2   Section        0  libinit2.o(.ARM.Collect$$libinit$$00000021)
    .ARM.Collect$$libinit$$00000023          0x080001a2   Section        0  libinit2.o(.ARM.Collect$$libinit$$00000023)
    .ARM.Collect$$libinit$$00000025          0x080001a2   Section        0  libinit2.o(.ARM.Collect$$libinit$$00000025)
    .ARM.Collect$$libinit$$0000002C          0x080001a2   Section        0  libinit2.o(.ARM.Collect$$libinit$$0000002C)
    .ARM.Collect$$libinit$$0000002E          0x080001a2   Section        0  libinit2.o(.ARM.Collect$$libinit$$0000002E)
    .ARM.Collect$$libinit$$00000030          0x080001a2   Section        0  libinit2.o(.ARM.Collect$$libinit$$00000030)
    .ARM.Collect$$libinit$$00000032          0x080001a2   Section        0  libinit2.o(.ARM.Collect$$libinit$$00000032)
    .ARM.Collect$$libinit$$00000033          0x080001a2   Section        2  libinit2.o(.ARM.Collect$$libinit$$00000033)
    .ARM.Collect$$libshutdown$$00000000      0x080001a4   Section        2  libshutdown.o(.ARM.Collect$$libshutdown$$00000000)
    .ARM.Collect$$libshutdown$$00000002      0x080001a6   Section        0  libshutdown2.o(.ARM.Collect$$libshutdown$$00000002)
    .ARM.Collect$$libshutdown$$00000004      0x080001a6   Section        0  libshutdown2.o(.ARM.Collect$$libshutdown$$00000004)
    .ARM.Collect$$libshutdown$$00000006      0x080001a6   Section        0  libshutdown2.o(.ARM.Collect$$libshutdown$$00000006)
    .ARM.Collect$$libshutdown$$00000009      0x080001a6   Section        0  libshutdown2.o(.ARM.Collect$$libshutdown$$00000009)
    .ARM.Collect$$libshutdown$$0000000C      0x080001a6   Section        0  libshutdown2.o(.ARM.Collect$$libshutdown$$0000000C)
    .ARM.Collect$$libshutdown$$0000000E      0x080001a6   Section        0  libshutdown2.o(.ARM.Collect$$libshutdown$$0000000E)
    .ARM.Collect$$libshutdown$$00000011      0x080001a6   Section        0  libshutdown2.o(.ARM.Collect$$libshutdown$$00000011)
    .ARM.Collect$$libshutdown$$00000012      0x080001a6   Section        2  libshutdown2.o(.ARM.Collect$$libshutdown$$00000012)
    .ARM.Collect$$rtentry$$00000000          0x080001a8   Section        0  __rtentry.o(.ARM.Collect$$rtentry$$00000000)
    .ARM.Collect$$rtentry$$00000002          0x080001a8   Section        0  __rtentry2.o(.ARM.Collect$$rtentry$$00000002)
    .ARM.Collect$$rtentry$$00000004          0x080001a8   Section        6  __rtentry4.o(.ARM.Collect$$rtentry$$00000004)
    .ARM.Collect$$rtentry$$00000009          0x080001ae   Section        0  __rtentry2.o(.ARM.Collect$$rtentry$$00000009)
    .ARM.Collect$$rtentry$$0000000A          0x080001ae   Section        4  __rtentry2.o(.ARM.Collect$$rtentry$$0000000A)
    .ARM.Collect$$rtentry$$0000000C          0x080001b2   Section        0  __rtentry2.o(.ARM.Collect$$rtentry$$0000000C)
    .ARM.Collect$$rtentry$$0000000D          0x080001b2   Section        8  __rtentry2.o(.ARM.Collect$$rtentry$$0000000D)
    .ARM.Collect$$rtexit$$00000000           0x080001ba   Section        2  rtexit.o(.ARM.Collect$$rtexit$$00000000)
    .ARM.Collect$$rtexit$$00000002           0x080001bc   Section        0  rtexit2.o(.ARM.Collect$$rtexit$$00000002)
    .ARM.Collect$$rtexit$$00000003           0x080001bc   Section        4  rtexit2.o(.ARM.Collect$$rtexit$$00000003)
    .ARM.Collect$$rtexit$$00000004           0x080001c0   Section        6  rtexit2.o(.ARM.Collect$$rtexit$$00000004)
    .text                                    0x080001c8   Section        0  main.o(.text)
    .text                                    0x080002d4   Section        0  stm32f10x_it.o(.text)
    .text                                    0x080002ea   Section        0  delay.o(.text)
    .text                                    0x08000338   Section        0  oled.o(.text)
    .text                                    0x080005ec   Section        0  ov2640.o(.text)
    .text                                    0x0800091c   Section        0  i2c.o(.text)
    .text                                    0x08000a7c   Section        0  sccb.o(.text)
    .text                                    0x08000e7c   Section        0  uart.o(.text)
    .text                                    0x08000f24   Section        0  system_stm32f10x.o(.text)
    SetSysClockTo72                          0x08000f25   Thumb Code   160  system_stm32f10x.o(.text)
    .text                                    0x08001078   Section       64  startup_stm32f10x_md.o(.text)
    .text                                    0x080010b8   Section        0  stm32f10x_dma.o(.text)
    .text                                    0x08001280   Section        0  stm32f10x_gpio.o(.text)
    .text                                    0x080014ec   Section        0  stm32f10x_i2c.o(.text)
    .text                                    0x08001814   Section        0  stm32f10x_rcc.o(.text)
    .text                                    0x08001ac8   Section        0  stm32f10x_tim.o(.text)
    TI2_Config                               0x08001e5b   Thumb Code   166  stm32f10x_tim.o(.text)
    TI1_Config                               0x08001f11   Thumb Code    88  stm32f10x_tim.o(.text)
    .text                                    0x080025bc   Section        0  stm32f10x_usart.o(.text)
    .text                                    0x080028e4   Section       78  rt_memclr_w.o(.text)
    .text                                    0x08002932   Section        0  heapauxi.o(.text)
    .text                                    0x08002938   Section       74  sys_stackheap_outer.o(.text)
    .text                                    0x08002982   Section        0  exit.o(.text)
    .text                                    0x08002994   Section        8  libspace.o(.text)
    .text                                    0x0800299c   Section        0  sys_exit.o(.text)
    .text                                    0x080029a8   Section        2  use_no_semi.o(.text)
    .constdata                               0x080029aa   Section      356  ov2640_cfg.o(.constdata)
    .text                                    0x080029aa   Section        0  indicate_semi.o(.text)
    .constdata                               0x08002b0e   Section       16  ov2640_cfg.o(.constdata)
    .constdata                               0x08002b1e   Section       14  ov2640_cfg.o(.constdata)
    .data                                    0x20000000   Section     1520  oled_font.o(.data)
    .data                                    0x200005f0   Section       20  system_stm32f10x.o(.data)
    .data                                    0x20000604   Section       20  stm32f10x_rcc.o(.data)
    ADCPrescTable                            0x20000604   Data           4  stm32f10x_rcc.o(.data)
    APBAHBPrescTable                         0x20000608   Data          16  stm32f10x_rcc.o(.data)
    .bss                                     0x20000618   Section       96  libspace.o(.bss)
    HEAP                                     0x20000678   Section      512  startup_stm32f10x_md.o(HEAP)
    Heap_Mem                                 0x20000678   Data         512  startup_stm32f10x_md.o(HEAP)
    STACK                                    0x20000878   Section    17664  startup_stm32f10x_md.o(STACK)
    Stack_Mem                                0x20000878   Data       17664  startup_stm32f10x_md.o(STACK)
    __initial_sp                             0x20004d78   Data           0  startup_stm32f10x_md.o(STACK)

    Global Symbols

    Symbol Name                              Value     Ov Type        Size  Object(Section)

    BuildAttributes$$THM_ISAv4$P$D$K$B$S$PE$A:L22UL41UL21$X:L11$S22US41US21$IEEE1$IW$USESV6$~STKCKD$USESV7$~SHL$OSPACE$ROPI$EBA8$UX$STANDARDLIB$REQ8$PRES8$EABIv2 0x00000000   Number         0  anon$$obj.o ABSOLUTE
    __ARM_use_no_argv                        0x00000000   Number         0  main.o ABSOLUTE
    __ARM_exceptions_init                     - Undefined Weak Reference
    __alloca_initialize                       - Undefined Weak Reference
    __arm_fini_                               - Undefined Weak Reference
    __arm_preinit_                            - Undefined Weak Reference
    __cpp_initialize__aeabi_                  - Undefined Weak Reference
    __cxa_finalize                            - Undefined Weak Reference
    __rt_locale                               - Undefined Weak Reference
    __sigvec_lookup                           - Undefined Weak Reference
    _atexit_init                              - Undefined Weak Reference
    _call_atexit_fns                          - Undefined Weak Reference
    _clock_init                               - Undefined Weak Reference
    _fp_trap_init                             - Undefined Weak Reference
    _fp_trap_shutdown                         - Undefined Weak Reference
    _get_lc_collate                           - Undefined Weak Reference
    _get_lc_ctype                             - Undefined Weak Reference
    _get_lc_monetary                          - Undefined Weak Reference
    _get_lc_numeric                           - Undefined Weak Reference
    _get_lc_time                              - Undefined Weak Reference
    _getenv_init                              - Undefined Weak Reference
    _handle_redirection                       - Undefined Weak Reference
    _init_alloc                               - Undefined Weak Reference
    _init_user_alloc                          - Undefined Weak Reference
    _initio                                   - Undefined Weak Reference
    _rand_init                                - Undefined Weak Reference
    _signal_finish                            - Undefined Weak Reference
    _signal_init                              - Undefined Weak Reference
    _terminate_alloc                          - Undefined Weak Reference
    _terminate_user_alloc                     - Undefined Weak Reference
    _terminateio                              - Undefined Weak Reference
    __Vectors_Size                           0x000000ec   Number         0  startup_stm32f10x_md.o ABSOLUTE
    __Vectors                                0x08000000   Data           4  startup_stm32f10x_md.o(RESET)
    __Vectors_End                            0x080000ec   Data           0  startup_stm32f10x_md.o(RESET)
    __main                                   0x080000ed   Thumb Code     8  __main.o(!!!main)
    __scatterload                            0x080000f5   Thumb Code     0  __scatter.o(!!!scatter)
    __scatterload_rt2                        0x080000f5   Thumb Code    44  __scatter.o(!!!scatter)
    __scatterload_rt2_thumb_only             0x080000f5   Thumb Code     0  __scatter.o(!!!scatter)
    __scatterload_null                       0x08000103   Thumb Code     0  __scatter.o(!!!scatter)
    __decompress                             0x08000129   Thumb Code    90  __dczerorl2.o(!!dczerorl2)
    __decompress1                            0x08000129   Thumb Code     0  __dczerorl2.o(!!dczerorl2)
    __scatterload_zeroinit                   0x08000185   Thumb Code    28  __scatter_zi.o(!!handler_zi)
    __rt_lib_init                            0x080001a1   Thumb Code     0  libinit.o(.ARM.Collect$$libinit$$00000000)
    __rt_lib_init_alloca_1                   0x080001a3   Thumb Code     0  libinit2.o(.ARM.Collect$$libinit$$0000002E)
    __rt_lib_init_argv_1                     0x080001a3   Thumb Code     0  libinit2.o(.ARM.Collect$$libinit$$0000002C)
    __rt_lib_init_atexit_1                   0x080001a3   Thumb Code     0  libinit2.o(.ARM.Collect$$libinit$$0000001B)
    __rt_lib_init_clock_1                    0x080001a3   Thumb Code     0  libinit2.o(.ARM.Collect$$libinit$$00000021)
    __rt_lib_init_cpp_1                      0x080001a3   Thumb Code     0  libinit2.o(.ARM.Collect$$libinit$$00000032)
    __rt_lib_init_exceptions_1               0x080001a3   Thumb Code     0  libinit2.o(.ARM.Collect$$libinit$$00000030)
    __rt_lib_init_fp_1                       0x080001a3   Thumb Code     0  libinit2.o(.ARM.Collect$$libinit$$00000002)
    __rt_lib_init_fp_trap_1                  0x080001a3   Thumb Code     0  libinit2.o(.ARM.Collect$$libinit$$0000001F)
    __rt_lib_init_getenv_1                   0x080001a3   Thumb Code     0  libinit2.o(.ARM.Collect$$libinit$$00000023)
    __rt_lib_init_heap_1                     0x080001a3   Thumb Code     0  libinit2.o(.ARM.Collect$$libinit$$0000000A)
    __rt_lib_init_lc_collate_1               0x080001a3   Thumb Code     0  libinit2.o(.ARM.Collect$$libinit$$00000011)
    __rt_lib_init_lc_ctype_1                 0x080001a3   Thumb Code     0  libinit2.o(.ARM.Collect$$libinit$$00000013)
    __rt_lib_init_lc_monetary_1              0x080001a3   Thumb Code     0  libinit2.o(.ARM.Collect$$libinit$$00000015)
    __rt_lib_init_lc_numeric_1               0x080001a3   Thumb Code     0  libinit2.o(.ARM.Collect$$libinit$$00000017)
    __rt_lib_init_lc_time_1                  0x080001a3   Thumb Code     0  libinit2.o(.ARM.Collect$$libinit$$00000019)
    __rt_lib_init_preinit_1                  0x080001a3   Thumb Code     0  libinit2.o(.ARM.Collect$$libinit$$00000004)
    __rt_lib_init_rand_1                     0x080001a3   Thumb Code     0  libinit2.o(.ARM.Collect$$libinit$$0000000E)
    __rt_lib_init_return                     0x080001a3   Thumb Code     0  libinit2.o(.ARM.Collect$$libinit$$00000033)
    __rt_lib_init_signal_1                   0x080001a3   Thumb Code     0  libinit2.o(.ARM.Collect$$libinit$$0000001D)
    __rt_lib_init_stdio_1                    0x080001a3   Thumb Code     0  libinit2.o(.ARM.Collect$$libinit$$00000025)
    __rt_lib_init_user_alloc_1               0x080001a3   Thumb Code     0  libinit2.o(.ARM.Collect$$libinit$$0000000C)
    __rt_lib_shutdown                        0x080001a5   Thumb Code     0  libshutdown.o(.ARM.Collect$$libshutdown$$00000000)
    __rt_lib_shutdown_cpp_1                  0x080001a7   Thumb Code     0  libshutdown2.o(.ARM.Collect$$libshutdown$$00000004)
    __rt_lib_shutdown_fini_1                 0x080001a7   Thumb Code     0  libshutdown2.o(.ARM.Collect$$libshutdown$$00000002)
    __rt_lib_shutdown_fp_trap_1              0x080001a7   Thumb Code     0  libshutdown2.o(.ARM.Collect$$libshutdown$$00000009)
    __rt_lib_shutdown_heap_1                 0x080001a7   Thumb Code     0  libshutdown2.o(.ARM.Collect$$libshutdown$$00000011)
    __rt_lib_shutdown_return                 0x080001a7   Thumb Code     0  libshutdown2.o(.ARM.Collect$$libshutdown$$00000012)
    __rt_lib_shutdown_signal_1               0x080001a7   Thumb Code     0  libshutdown2.o(.ARM.Collect$$libshutdown$$0000000C)
    __rt_lib_shutdown_stdio_1                0x080001a7   Thumb Code     0  libshutdown2.o(.ARM.Collect$$libshutdown$$00000006)
    __rt_lib_shutdown_user_alloc_1           0x080001a7   Thumb Code     0  libshutdown2.o(.ARM.Collect$$libshutdown$$0000000E)
    __rt_entry                               0x080001a9   Thumb Code     0  __rtentry.o(.ARM.Collect$$rtentry$$00000000)
    __rt_entry_presh_1                       0x080001a9   Thumb Code     0  __rtentry2.o(.ARM.Collect$$rtentry$$00000002)
    __rt_entry_sh                            0x080001a9   Thumb Code     0  __rtentry4.o(.ARM.Collect$$rtentry$$00000004)
    __rt_entry_li                            0x080001af   Thumb Code     0  __rtentry2.o(.ARM.Collect$$rtentry$$0000000A)
    __rt_entry_postsh_1                      0x080001af   Thumb Code     0  __rtentry2.o(.ARM.Collect$$rtentry$$00000009)
    __rt_entry_main                          0x080001b3   Thumb Code     0  __rtentry2.o(.ARM.Collect$$rtentry$$0000000D)
    __rt_entry_postli_1                      0x080001b3   Thumb Code     0  __rtentry2.o(.ARM.Collect$$rtentry$$0000000C)
    __rt_exit                                0x080001bb   Thumb Code     0  rtexit.o(.ARM.Collect$$rtexit$$00000000)
    __rt_exit_ls                             0x080001bd   Thumb Code     0  rtexit2.o(.ARM.Collect$$rtexit$$00000003)
    __rt_exit_prels_1                        0x080001bd   Thumb Code     0  rtexit2.o(.ARM.Collect$$rtexit$$00000002)
    __rt_exit_exit                           0x080001c1   Thumb Code     0  rtexit2.o(.ARM.Collect$$rtexit$$00000004)
    main                                     0x080001c9   Thumb Code   244  main.o(.text)
    NMI_Handler                              0x080002d5   Thumb Code     2  stm32f10x_it.o(.text)
    HardFault_Handler                        0x080002d7   Thumb Code     2  stm32f10x_it.o(.text)
    MemManage_Handler                        0x080002d9   Thumb Code     2  stm32f10x_it.o(.text)
    BusFault_Handler                         0x080002db   Thumb Code     2  stm32f10x_it.o(.text)
    UsageFault_Handler                       0x080002dd   Thumb Code     2  stm32f10x_it.o(.text)
    SVC_Handler                              0x080002df   Thumb Code     2  stm32f10x_it.o(.text)
    DebugMon_Handler                         0x080002e1   Thumb Code     2  stm32f10x_it.o(.text)
    PendSV_Handler                           0x080002e3   Thumb Code     2  stm32f10x_it.o(.text)
    SysTick_Handler                          0x080002e5   Thumb Code     2  stm32f10x_it.o(.text)
    EXTI4_IRQHandler                         0x080002e7   Thumb Code     2  stm32f10x_it.o(.text)
    EXTI9_5_IRQHandler                       0x080002e9   Thumb Code     2  stm32f10x_it.o(.text)
    Delay_us                                 0x080002eb   Thumb Code    32  delay.o(.text)
    Delay_ms                                 0x0800030b   Thumb Code    22  delay.o(.text)
    Delay_s                                  0x08000321   Thumb Code    22  delay.o(.text)
    I2C_WC_SSD1306                           0x08000339   Thumb Code    34  oled.o(.text)
    I2C_WD_SSD1306                           0x0800035b   Thumb Code    34  oled.o(.text)
    OLED_SetCursor                           0x0800037d   Thumb Code    32  oled.o(.text)
    OLED_Clear                               0x0800039d   Thumb Code    38  oled.o(.text)
    OLED_ShowChar                            0x080003c3   Thumb Code    98  oled.o(.text)
    OLED_ShowString                          0x08000425   Thumb Code    36  oled.o(.text)
    OLED_Pow                                 0x08000449   Thumb Code    14  oled.o(.text)
    OLED_ShowNum                             0x08000457   Thumb Code    66  oled.o(.text)
    OLED_ShowSignedNum                       0x08000499   Thumb Code    86  oled.o(.text)
    OLED_ShowHexNum                          0x080004ef   Thumb Code    66  oled.o(.text)
    OLED_ShowBinNum                          0x08000531   Thumb Code    56  oled.o(.text)
    OLED_Init                                0x08000569   Thumb Code   126  oled.o(.text)
    OV2640_HW_Reset                          0x080005ed   Thumb Code    36  ov2640.o(.text)
    OV2640_SetPowerDownMode                  0x08000611   Thumb Code    20  ov2640.o(.text)
    OV2640_GetPID                            0x08000625   Thumb Code    40  ov2640.o(.text)
    OV2640_GetMID                            0x0800064d   Thumb Code    40  ov2640.o(.text)
    OV2640_HW_Init                           0x08000675   Thumb Code   114  ov2640.o(.text)
    OV2640_InitConfig                        0x080006e7   Thumb Code    36  ov2640.o(.text)
    OV2640_SetClockDivision                  0x0800070b   Thumb Code    50  ov2640.o(.text)
    OV2640_SetOutputJPEG                     0x0800073d   Thumb Code    66  ov2640.o(.text)
    OV2640_SetOutputSize                     0x0800077f   Thumb Code    82  ov2640.o(.text)
    OV2640_Init                              0x080007d1   Thumb Code    26  ov2640.o(.text)
    OV2640_TransmitFrame_JPEG_UART           0x080007eb   Thumb Code   126  ov2640.o(.text)
    OV2640_StartFrameStream_DMA_IT_UART      0x08000869   Thumb Code   150  ov2640.o(.text)
    SW_I2C_Init                              0x0800091d   Thumb Code    60  i2c.o(.text)
    SW_I2C_Start                             0x08000959   Thumb Code    48  i2c.o(.text)
    SW_I2C_Stop                              0x08000989   Thumb Code    38  i2c.o(.text)
    SW_I2C_TransmitByte                      0x080009af   Thumb Code    92  i2c.o(.text)
    HW_I2C_Init                              0x08000a0b   Thumb Code   102  i2c.o(.text)
    SW_SCCB_Init                             0x08000a7d   Thumb Code    38  sccb.o(.text)
    SW_SCCB_SIO_D_SetInput                   0x08000aa3   Thumb Code    32  sccb.o(.text)
    SW_SCCB_SIO_D_SetOutput                  0x08000ac3   Thumb Code    30  sccb.o(.text)
    SW_SCCB_Start                            0x08000ae1   Thumb Code    70  sccb.o(.text)
    SW_SCCB_Stop                             0x08000b27   Thumb Code    60  sccb.o(.text)
    SW_SCCB_Write_Byte                       0x08000b63   Thumb Code   152  sccb.o(.text)
    SW_SCCB_Read_Byte                        0x08000bfb   Thumb Code   154  sccb.o(.text)
    SW_SCCB_Register_Write                   0x08000c95   Thumb Code    36  sccb.o(.text)
    SW_SCCB_Register_Read                    0x08000cb9   Thumb Code    52  sccb.o(.text)
    SCCB_Init                                0x08000ced   Thumb Code   104  sccb.o(.text)
    SCCB_WaitEvent                           0x08000d55   Thumb Code    30  sccb.o(.text)
    SCCB_WriteReg                            0x08000d73   Thumb Code    94  sccb.o(.text)
    SCCB_ReadReg                             0x08000dd1   Thumb Code   152  sccb.o(.text)
    UART1_Init                               0x08000e7d   Thumb Code   114  uart.o(.text)
    UART1_Transmit                           0x08000eef   Thumb Code    46  uart.o(.text)
    SystemInit                               0x08000fc5   Thumb Code    64  system_stm32f10x.o(.text)
    SystemCoreClockUpdate                    0x08001005   Thumb Code    84  system_stm32f10x.o(.text)
    Reset_Handler                            0x08001079   Thumb Code     8  startup_stm32f10x_md.o(.text)
    ADC1_2_IRQHandler                        0x08001093   Thumb Code     0  startup_stm32f10x_md.o(.text)
    CAN1_RX1_IRQHandler                      0x08001093   Thumb Code     0  startup_stm32f10x_md.o(.text)
    CAN1_SCE_IRQHandler                      0x08001093   Thumb Code     0  startup_stm32f10x_md.o(.text)
    DMA1_Channel1_IRQHandler                 0x08001093   Thumb Code     0  startup_stm32f10x_md.o(.text)
    DMA1_Channel2_IRQHandler                 0x08001093   Thumb Code     0  startup_stm32f10x_md.o(.text)
    DMA1_Channel3_IRQHandler                 0x08001093   Thumb Code     0  startup_stm32f10x_md.o(.text)
    DMA1_Channel4_IRQHandler                 0x08001093   Thumb Code     0  startup_stm32f10x_md.o(.text)
    DMA1_Channel5_IRQHandler                 0x08001093   Thumb Code     0  startup_stm32f10x_md.o(.text)
    DMA1_Channel6_IRQHandler                 0x08001093   Thumb Code     0  startup_stm32f10x_md.o(.text)
    DMA1_Channel7_IRQHandler                 0x08001093   Thumb Code     0  startup_stm32f10x_md.o(.text)
    EXTI0_IRQHandler                         0x08001093   Thumb Code     0  startup_stm32f10x_md.o(.text)
    EXTI15_10_IRQHandler                     0x08001093   Thumb Code     0  startup_stm32f10x_md.o(.text)
    EXTI1_IRQHandler                         0x08001093   Thumb Code     0  startup_stm32f10x_md.o(.text)
    EXTI2_IRQHandler                         0x08001093   Thumb Code     0  startup_stm32f10x_md.o(.text)
    EXTI3_IRQHandler                         0x08001093   Thumb Code     0  startup_stm32f10x_md.o(.text)
    FLASH_IRQHandler                         0x08001093   Thumb Code     0  startup_stm32f10x_md.o(.text)
    I2C1_ER_IRQHandler                       0x08001093   Thumb Code     0  startup_stm32f10x_md.o(.text)
    I2C1_EV_IRQHandler                       0x08001093   Thumb Code     0  startup_stm32f10x_md.o(.text)
    I2C2_ER_IRQHandler                       0x08001093   Thumb Code     0  startup_stm32f10x_md.o(.text)
    I2C2_EV_IRQHandler                       0x08001093   Thumb Code     0  startup_stm32f10x_md.o(.text)
    PVD_IRQHandler                           0x08001093   Thumb Code     0  startup_stm32f10x_md.o(.text)
    RCC_IRQHandler                           0x08001093   Thumb Code     0  startup_stm32f10x_md.o(.text)
    RTCAlarm_IRQHandler                      0x08001093   Thumb Code     0  startup_stm32f10x_md.o(.text)
    RTC_IRQHandler                           0x08001093   Thumb Code     0  startup_stm32f10x_md.o(.text)
    SPI1_IRQHandler                          0x08001093   Thumb Code     0  startup_stm32f10x_md.o(.text)
    SPI2_IRQHandler                          0x08001093   Thumb Code     0  startup_stm32f10x_md.o(.text)
    TAMPER_IRQHandler                        0x08001093   Thumb Code     0  startup_stm32f10x_md.o(.text)
    TIM1_BRK_IRQHandler                      0x08001093   Thumb Code     0  startup_stm32f10x_md.o(.text)
    TIM1_CC_IRQHandler                       0x08001093   Thumb Code     0  startup_stm32f10x_md.o(.text)
    TIM1_TRG_COM_IRQHandler                  0x08001093   Thumb Code     0  startup_stm32f10x_md.o(.text)
    TIM1_UP_IRQHandler                       0x08001093   Thumb Code     0  startup_stm32f10x_md.o(.text)
    TIM2_IRQHandler                          0x08001093   Thumb Code     0  startup_stm32f10x_md.o(.text)
    TIM3_IRQHandler                          0x08001093   Thumb Code     0  startup_stm32f10x_md.o(.text)
    TIM4_IRQHandler                          0x08001093   Thumb Code     0  startup_stm32f10x_md.o(.text)
    USART1_IRQHandler                        0x08001093   Thumb Code     0  startup_stm32f10x_md.o(.text)
    USART2_IRQHandler                        0x08001093   Thumb Code     0  startup_stm32f10x_md.o(.text)
    USART3_IRQHandler                        0x08001093   Thumb Code     0  startup_stm32f10x_md.o(.text)
    USBWakeUp_IRQHandler                     0x08001093   Thumb Code     0  startup_stm32f10x_md.o(.text)
    USB_HP_CAN1_TX_IRQHandler                0x08001093   Thumb Code     0  startup_stm32f10x_md.o(.text)
    USB_LP_CAN1_RX0_IRQHandler               0x08001093   Thumb Code     0  startup_stm32f10x_md.o(.text)
    WWDG_IRQHandler                          0x08001093   Thumb Code     0  startup_stm32f10x_md.o(.text)
    __user_initial_stackheap                 0x08001095   Thumb Code     0  startup_stm32f10x_md.o(.text)
    DMA_DeInit                               0x080010b9   Thumb Code   218  stm32f10x_dma.o(.text)
    DMA_Init                                 0x08001193   Thumb Code    58  stm32f10x_dma.o(.text)
    DMA_StructInit                           0x080011cd   Thumb Code    26  stm32f10x_dma.o(.text)
    DMA_Cmd                                  0x080011e7   Thumb Code    22  stm32f10x_dma.o(.text)
    DMA_ITConfig                             0x080011fd   Thumb Code    16  stm32f10x_dma.o(.text)
    DMA_SetCurrDataCounter                   0x0800120d   Thumb Code     4  stm32f10x_dma.o(.text)
    DMA_GetCurrDataCounter                   0x08001211   Thumb Code     6  stm32f10x_dma.o(.text)
    DMA_GetFlagStatus                        0x08001217   Thumb Code    28  stm32f10x_dma.o(.text)
    DMA_ClearFlag                            0x08001233   Thumb Code    20  stm32f10x_dma.o(.text)
    DMA_GetITStatus                          0x08001247   Thumb Code    28  stm32f10x_dma.o(.text)
    DMA_ClearITPendingBit                    0x08001263   Thumb Code    20  stm32f10x_dma.o(.text)
    GPIO_DeInit                              0x08001281   Thumb Code   152  stm32f10x_gpio.o(.text)
    GPIO_AFIODeInit                          0x08001319   Thumb Code    22  stm32f10x_gpio.o(.text)
    GPIO_Init                                0x0800132f   Thumb Code   164  stm32f10x_gpio.o(.text)
    GPIO_StructInit                          0x080013d3   Thumb Code    16  stm32f10x_gpio.o(.text)
    GPIO_ReadInputDataBit                    0x080013e3   Thumb Code    14  stm32f10x_gpio.o(.text)
    GPIO_ReadInputData                       0x080013f1   Thumb Code     6  stm32f10x_gpio.o(.text)
    GPIO_ReadOutputDataBit                   0x080013f7   Thumb Code    14  stm32f10x_gpio.o(.text)
    GPIO_ReadOutputData                      0x08001405   Thumb Code     6  stm32f10x_gpio.o(.text)
    GPIO_SetBits                             0x0800140b   Thumb Code     4  stm32f10x_gpio.o(.text)
    GPIO_ResetBits                           0x0800140f   Thumb Code     4  stm32f10x_gpio.o(.text)
    GPIO_WriteBit                            0x08001413   Thumb Code    10  stm32f10x_gpio.o(.text)
    GPIO_Write                               0x0800141d   Thumb Code     4  stm32f10x_gpio.o(.text)
    GPIO_PinLockConfig                       0x08001421   Thumb Code    16  stm32f10x_gpio.o(.text)
    GPIO_EventOutputConfig                   0x08001431   Thumb Code    22  stm32f10x_gpio.o(.text)
    GPIO_EventOutputCmd                      0x08001447   Thumb Code     6  stm32f10x_gpio.o(.text)
    GPIO_PinRemapConfig                      0x0800144d   Thumb Code    82  stm32f10x_gpio.o(.text)
    GPIO_EXTILineConfig                      0x0800149f   Thumb Code    34  stm32f10x_gpio.o(.text)
    GPIO_ETH_MediaInterfaceConfig            0x080014c1   Thumb Code     8  stm32f10x_gpio.o(.text)
    I2C_DeInit                               0x080014ed   Thumb Code    38  stm32f10x_i2c.o(.text)
    I2C_Init                                 0x08001513   Thumb Code   178  stm32f10x_i2c.o(.text)
    I2C_StructInit                           0x080015c5   Thumb Code    28  stm32f10x_i2c.o(.text)
    I2C_Cmd                                  0x080015e1   Thumb Code    20  stm32f10x_i2c.o(.text)
    I2C_DMACmd                               0x080015f5   Thumb Code    20  stm32f10x_i2c.o(.text)
    I2C_DMALastTransferCmd                   0x08001609   Thumb Code    20  stm32f10x_i2c.o(.text)
    I2C_GenerateSTART                        0x0800161d   Thumb Code    20  stm32f10x_i2c.o(.text)
    I2C_GenerateSTOP                         0x08001631   Thumb Code    20  stm32f10x_i2c.o(.text)
    I2C_AcknowledgeConfig                    0x08001645   Thumb Code    20  stm32f10x_i2c.o(.text)
    I2C_OwnAddress2Config                    0x08001659   Thumb Code    16  stm32f10x_i2c.o(.text)
    I2C_DualAddressCmd                       0x08001669   Thumb Code    20  stm32f10x_i2c.o(.text)
    I2C_GeneralCallCmd                       0x0800167d   Thumb Code    20  stm32f10x_i2c.o(.text)
    I2C_ITConfig                             0x08001691   Thumb Code    16  stm32f10x_i2c.o(.text)
    I2C_SendData                             0x080016a1   Thumb Code     4  stm32f10x_i2c.o(.text)
    I2C_ReceiveData                          0x080016a5   Thumb Code     6  stm32f10x_i2c.o(.text)
    I2C_Send7bitAddress                      0x080016ab   Thumb Code    16  stm32f10x_i2c.o(.text)
    I2C_ReadRegister                         0x080016bb   Thumb Code    10  stm32f10x_i2c.o(.text)
    I2C_SoftwareResetCmd                     0x080016c5   Thumb Code    20  stm32f10x_i2c.o(.text)
    I2C_NACKPositionConfig                   0x080016d9   Thumb Code    22  stm32f10x_i2c.o(.text)
    I2C_SMBusAlertConfig                     0x080016ef   Thumb Code    22  stm32f10x_i2c.o(.text)
    I2C_TransmitPEC                          0x08001705   Thumb Code    20  stm32f10x_i2c.o(.text)
    I2C_PECPositionConfig                    0x08001719   Thumb Code    22  stm32f10x_i2c.o(.text)
    I2C_CalculatePEC                         0x0800172f   Thumb Code    20  stm32f10x_i2c.o(.text)
    I2C_GetPEC                               0x08001743   Thumb Code     6  stm32f10x_i2c.o(.text)
    I2C_ARPCmd                               0x08001749   Thumb Code    20  stm32f10x_i2c.o(.text)
    I2C_StretchClockCmd                      0x0800175d   Thumb Code    20  stm32f10x_i2c.o(.text)
    I2C_FastModeDutyCycleConfig              0x08001771   Thumb Code    22  stm32f10x_i2c.o(.text)
    I2C_CheckEvent                           0x08001787   Thumb Code    24  stm32f10x_i2c.o(.text)
    I2C_GetLastEvent                         0x0800179f   Thumb Code    14  stm32f10x_i2c.o(.text)
    I2C_GetFlagStatus                        0x080017ad   Thumb Code    42  stm32f10x_i2c.o(.text)
    I2C_ClearFlag                            0x080017d7   Thumb Code     6  stm32f10x_i2c.o(.text)
    I2C_GetITStatus                          0x080017dd   Thumb Code    36  stm32f10x_i2c.o(.text)
    I2C_ClearITPendingBit                    0x08001801   Thumb Code     6  stm32f10x_i2c.o(.text)
    RCC_DeInit                               0x08001815   Thumb Code    50  stm32f10x_rcc.o(.text)
    RCC_HSEConfig                            0x08001847   Thumb Code    48  stm32f10x_rcc.o(.text)
    RCC_GetFlagStatus                        0x08001877   Thumb Code    42  stm32f10x_rcc.o(.text)
    RCC_WaitForHSEStartUp                    0x080018a1   Thumb Code    44  stm32f10x_rcc.o(.text)
    RCC_AdjustHSICalibrationValue            0x080018cd   Thumb Code    16  stm32f10x_rcc.o(.text)
    RCC_HSICmd                               0x080018dd   Thumb Code     6  stm32f10x_rcc.o(.text)
    RCC_PLLConfig                            0x080018e3   Thumb Code    16  stm32f10x_rcc.o(.text)
    RCC_PLLCmd                               0x080018f3   Thumb Code     6  stm32f10x_rcc.o(.text)
    RCC_SYSCLKConfig                         0x080018f9   Thumb Code    14  stm32f10x_rcc.o(.text)
    RCC_GetSYSCLKSource                      0x08001907   Thumb Code    10  stm32f10x_rcc.o(.text)
    RCC_HCLKConfig                           0x08001911   Thumb Code    14  stm32f10x_rcc.o(.text)
    RCC_PCLK1Config                          0x0800191f   Thumb Code    14  stm32f10x_rcc.o(.text)
    RCC_PCLK2Config                          0x0800192d   Thumb Code    16  stm32f10x_rcc.o(.text)
    RCC_ITConfig                             0x0800193d   Thumb Code    18  stm32f10x_rcc.o(.text)
    RCC_USBCLKConfig                         0x0800194f   Thumb Code     8  stm32f10x_rcc.o(.text)
    RCC_ADCCLKConfig                         0x08001957   Thumb Code    14  stm32f10x_rcc.o(.text)
    RCC_LSEConfig                            0x08001965   Thumb Code    28  stm32f10x_rcc.o(.text)
    RCC_LSICmd                               0x08001981   Thumb Code     6  stm32f10x_rcc.o(.text)
    RCC_RTCCLKConfig                         0x08001987   Thumb Code    10  stm32f10x_rcc.o(.text)
    RCC_RTCCLKCmd                            0x08001991   Thumb Code     8  stm32f10x_rcc.o(.text)
    RCC_GetClocksFreq                        0x08001999   Thumb Code   128  stm32f10x_rcc.o(.text)
    RCC_AHBPeriphClockCmd                    0x08001a19   Thumb Code    18  stm32f10x_rcc.o(.text)
    RCC_APB2PeriphClockCmd                   0x08001a2b   Thumb Code    18  stm32f10x_rcc.o(.text)
    RCC_APB1PeriphClockCmd                   0x08001a3d   Thumb Code    18  stm32f10x_rcc.o(.text)
    RCC_APB2PeriphResetCmd                   0x08001a4f   Thumb Code    18  stm32f10x_rcc.o(.text)
    RCC_APB1PeriphResetCmd                   0x08001a61   Thumb Code    18  stm32f10x_rcc.o(.text)
    RCC_BackupResetCmd                       0x08001a73   Thumb Code     8  stm32f10x_rcc.o(.text)
    RCC_ClockSecuritySystemCmd               0x08001a7b   Thumb Code     6  stm32f10x_rcc.o(.text)
    RCC_MCOConfig                            0x08001a81   Thumb Code     6  stm32f10x_rcc.o(.text)
    RCC_ClearFlag                            0x08001a87   Thumb Code    12  stm32f10x_rcc.o(.text)
    RCC_GetITStatus                          0x08001a93   Thumb Code    16  stm32f10x_rcc.o(.text)
    RCC_ClearITPendingBit                    0x08001aa3   Thumb Code     6  stm32f10x_rcc.o(.text)
    TIM_DeInit                               0x08001ac9   Thumb Code   304  stm32f10x_tim.o(.text)
    TIM_TimeBaseInit                         0x08001bf9   Thumb Code   114  stm32f10x_tim.o(.text)
    TIM_OC1Init                              0x08001c6b   Thumb Code   106  stm32f10x_tim.o(.text)
    TIM_OC2Init                              0x08001cd5   Thumb Code   120  stm32f10x_tim.o(.text)
    TIM_OC3Init                              0x08001d4d   Thumb Code   116  stm32f10x_tim.o(.text)
    TIM_OC4Init                              0x08001dc1   Thumb Code    90  stm32f10x_tim.o(.text)
    TIM_SetIC4Prescaler                      0x08001e1b   Thumb Code    24  stm32f10x_tim.o(.text)
    TIM_SetIC3Prescaler                      0x08001e33   Thumb Code    16  stm32f10x_tim.o(.text)
    TIM_SetIC2Prescaler                      0x08001e43   Thumb Code    24  stm32f10x_tim.o(.text)
    TIM_SetIC1Prescaler                      0x08001f01   Thumb Code    16  stm32f10x_tim.o(.text)
    TIM_ICInit                               0x08001f69   Thumb Code   272  stm32f10x_tim.o(.text)
    TIM_PWMIConfig                           0x08002079   Thumb Code   104  stm32f10x_tim.o(.text)
    TIM_BDTRConfig                           0x080020e1   Thumb Code    34  stm32f10x_tim.o(.text)
    TIM_TimeBaseStructInit                   0x08002103   Thumb Code    18  stm32f10x_tim.o(.text)
    TIM_OCStructInit                         0x08002115   Thumb Code    20  stm32f10x_tim.o(.text)
    TIM_ICStructInit                         0x08002129   Thumb Code    16  stm32f10x_tim.o(.text)
    TIM_BDTRStructInit                       0x08002139   Thumb Code    18  stm32f10x_tim.o(.text)
    TIM_Cmd                                  0x0800214b   Thumb Code    20  stm32f10x_tim.o(.text)
    TIM_CtrlPWMOutputs                       0x0800215f   Thumb Code    22  stm32f10x_tim.o(.text)
    TIM_ITConfig                             0x08002175   Thumb Code    16  stm32f10x_tim.o(.text)
    TIM_GenerateEvent                        0x08002185   Thumb Code     4  stm32f10x_tim.o(.text)
    TIM_DMAConfig                            0x08002189   Thumb Code     8  stm32f10x_tim.o(.text)
    TIM_DMACmd                               0x08002191   Thumb Code    16  stm32f10x_tim.o(.text)
    TIM_InternalClockConfig                  0x080021a1   Thumb Code    10  stm32f10x_tim.o(.text)
    TIM_SelectInputTrigger                   0x080021ab   Thumb Code    12  stm32f10x_tim.o(.text)
    TIM_ITRxExternalClockConfig              0x080021b7   Thumb Code    18  stm32f10x_tim.o(.text)
    TIM_TIxExternalClockConfig               0x080021c9   Thumb Code    46  stm32f10x_tim.o(.text)
    TIM_ETRConfig                            0x080021f7   Thumb Code    24  stm32f10x_tim.o(.text)
    TIM_ETRClockMode1Config                  0x0800220f   Thumb Code    18  stm32f10x_tim.o(.text)
    TIM_ETRClockMode2Config                  0x08002221   Thumb Code    18  stm32f10x_tim.o(.text)
    TIM_PrescalerConfig                      0x08002233   Thumb Code     6  stm32f10x_tim.o(.text)
    TIM_CounterModeConfig                    0x08002239   Thumb Code    12  stm32f10x_tim.o(.text)
    TIM_EncoderInterfaceConfig               0x08002245   Thumb Code    50  stm32f10x_tim.o(.text)
    TIM_ForcedOC1Config                      0x08002277   Thumb Code    12  stm32f10x_tim.o(.text)
    TIM_ForcedOC2Config                      0x08002283   Thumb Code    20  stm32f10x_tim.o(.text)
    TIM_ForcedOC3Config                      0x08002297   Thumb Code    12  stm32f10x_tim.o(.text)
    TIM_ForcedOC4Config                      0x080022a3   Thumb Code    20  stm32f10x_tim.o(.text)
    TIM_ARRPreloadConfig                     0x080022b7   Thumb Code    20  stm32f10x_tim.o(.text)
    TIM_SelectCOM                            0x080022cb   Thumb Code    20  stm32f10x_tim.o(.text)
    TIM_SelectCCDMA                          0x080022df   Thumb Code    20  stm32f10x_tim.o(.text)
    TIM_CCPreloadControl                     0x080022f3   Thumb Code    20  stm32f10x_tim.o(.text)
    TIM_OC1PreloadConfig                     0x08002307   Thumb Code    34  stm32f10x_tim.o(.text)
    TIM_OC2PreloadConfig                     0x08002329   Thumb Code    20  stm32f10x_tim.o(.text)
    TIM_OC3PreloadConfig                     0x0800233d   Thumb Code    12  stm32f10x_tim.o(.text)
    TIM_OC4PreloadConfig                     0x08002349   Thumb Code    20  stm32f10x_tim.o(.text)
    TIM_OC1FastConfig                        0x0800235d   Thumb Code    12  stm32f10x_tim.o(.text)
    TIM_OC2FastConfig                        0x08002369   Thumb Code    20  stm32f10x_tim.o(.text)
    TIM_OC3FastConfig                        0x0800237d   Thumb Code    12  stm32f10x_tim.o(.text)
    TIM_OC4FastConfig                        0x08002389   Thumb Code    20  stm32f10x_tim.o(.text)
    TIM_ClearOC1Ref                          0x0800239d   Thumb Code    12  stm32f10x_tim.o(.text)
    TIM_ClearOC2Ref                          0x080023a9   Thumb Code    20  stm32f10x_tim.o(.text)
    TIM_ClearOC3Ref                          0x080023bd   Thumb Code    12  stm32f10x_tim.o(.text)
    TIM_ClearOC4Ref                          0x080023c9   Thumb Code    20  stm32f10x_tim.o(.text)
    TIM_OC1PolarityConfig                    0x080023dd   Thumb Code    12  stm32f10x_tim.o(.text)
    TIM_OC1NPolarityConfig                   0x080023e9   Thumb Code    12  stm32f10x_tim.o(.text)
    TIM_OC2PolarityConfig                    0x080023f5   Thumb Code    20  stm32f10x_tim.o(.text)
    TIM_OC2NPolarityConfig                   0x08002409   Thumb Code    20  stm32f10x_tim.o(.text)
    TIM_OC3PolarityConfig                    0x0800241d   Thumb Code    20  stm32f10x_tim.o(.text)
    TIM_OC3NPolarityConfig                   0x08002431   Thumb Code    20  stm32f10x_tim.o(.text)
    TIM_OC4PolarityConfig                    0x08002445   Thumb Code    20  stm32f10x_tim.o(.text)
    TIM_CCxCmd                               0x08002459   Thumb Code    22  stm32f10x_tim.o(.text)
    TIM_CCxNCmd                              0x0800246f   Thumb Code    22  stm32f10x_tim.o(.text)
    TIM_SelectOCxM                           0x08002485   Thumb Code    70  stm32f10x_tim.o(.text)
    TIM_UpdateDisableConfig                  0x080024cb   Thumb Code    20  stm32f10x_tim.o(.text)
    TIM_UpdateRequestConfig                  0x080024df   Thumb Code    20  stm32f10x_tim.o(.text)
    TIM_SelectHallSensor                     0x080024f3   Thumb Code    20  stm32f10x_tim.o(.text)
    TIM_SelectOnePulseMode                   0x08002507   Thumb Code    16  stm32f10x_tim.o(.text)
    TIM_SelectOutputTrigger                  0x08002517   Thumb Code    16  stm32f10x_tim.o(.text)
    TIM_SelectSlaveMode                      0x08002527   Thumb Code    16  stm32f10x_tim.o(.text)
    TIM_SelectMasterSlaveMode                0x08002537   Thumb Code    16  stm32f10x_tim.o(.text)
    TIM_SetCounter                           0x08002547   Thumb Code     4  stm32f10x_tim.o(.text)
    TIM_SetAutoreload                        0x0800254b   Thumb Code     4  stm32f10x_tim.o(.text)
    TIM_SetCompare1                          0x0800254f   Thumb Code     4  stm32f10x_tim.o(.text)
    TIM_SetCompare2                          0x08002553   Thumb Code     4  stm32f10x_tim.o(.text)
    TIM_SetCompare3                          0x08002557   Thumb Code     4  stm32f10x_tim.o(.text)
    TIM_SetCompare4                          0x0800255b   Thumb Code     6  stm32f10x_tim.o(.text)
    TIM_SetClockDivision                     0x08002561   Thumb Code    16  stm32f10x_tim.o(.text)
    TIM_GetCapture1                          0x08002571   Thumb Code     4  stm32f10x_tim.o(.text)
    TIM_GetCapture2                          0x08002575   Thumb Code     4  stm32f10x_tim.o(.text)
    TIM_GetCapture3                          0x08002579   Thumb Code     4  stm32f10x_tim.o(.text)
    TIM_GetCapture4                          0x0800257d   Thumb Code     6  stm32f10x_tim.o(.text)
    TIM_GetCounter                           0x08002583   Thumb Code     4  stm32f10x_tim.o(.text)
    TIM_GetPrescaler                         0x08002587   Thumb Code     4  stm32f10x_tim.o(.text)
    TIM_GetFlagStatus                        0x0800258b   Thumb Code    14  stm32f10x_tim.o(.text)
    TIM_ClearFlag                            0x08002599   Thumb Code     6  stm32f10x_tim.o(.text)
    TIM_GetITStatus                          0x0800259f   Thumb Code    24  stm32f10x_tim.o(.text)
    TIM_ClearITPendingBit                    0x080025b7   Thumb Code     6  stm32f10x_tim.o(.text)
    USART_DeInit                             0x080025bd   Thumb Code    96  stm32f10x_usart.o(.text)
    USART_Init                               0x0800261d   Thumb Code   166  stm32f10x_usart.o(.text)
    USART_StructInit                         0x080026c3   Thumb Code    22  stm32f10x_usart.o(.text)
    USART_ClockInit                          0x080026d9   Thumb Code    30  stm32f10x_usart.o(.text)
    USART_ClockStructInit                    0x080026f7   Thumb Code    12  stm32f10x_usart.o(.text)
    USART_Cmd                                0x08002703   Thumb Code    20  stm32f10x_usart.o(.text)
    USART_ITConfig                           0x08002717   Thumb Code    48  stm32f10x_usart.o(.text)
    USART_DMACmd                             0x08002747   Thumb Code    16  stm32f10x_usart.o(.text)
    USART_SetAddress                         0x08002757   Thumb Code    16  stm32f10x_usart.o(.text)
    USART_WakeUpConfig                       0x08002767   Thumb Code    16  stm32f10x_usart.o(.text)
    USART_ReceiverWakeUpCmd                  0x08002777   Thumb Code    20  stm32f10x_usart.o(.text)
    USART_LINBreakDetectLengthConfig         0x0800278b   Thumb Code    16  stm32f10x_usart.o(.text)
    USART_LINCmd                             0x0800279b   Thumb Code    20  stm32f10x_usart.o(.text)
    USART_SendData                           0x080027af   Thumb Code     8  stm32f10x_usart.o(.text)
    USART_ReceiveData                        0x080027b7   Thumb Code     8  stm32f10x_usart.o(.text)
    USART_SendBreak                          0x080027bf   Thumb Code    10  stm32f10x_usart.o(.text)
    USART_SetGuardTime                       0x080027c9   Thumb Code    16  stm32f10x_usart.o(.text)
    USART_SetPrescaler                       0x080027d9   Thumb Code    16  stm32f10x_usart.o(.text)
    USART_SmartCardCmd                       0x080027e9   Thumb Code    20  stm32f10x_usart.o(.text)
    USART_SmartCardNACKCmd                   0x080027fd   Thumb Code    20  stm32f10x_usart.o(.text)
    USART_HalfDuplexCmd                      0x08002811   Thumb Code    20  stm32f10x_usart.o(.text)
    USART_OverSampling8Cmd                   0x08002825   Thumb Code    20  stm32f10x_usart.o(.text)
    USART_OneBitMethodCmd                    0x08002839   Thumb Code    20  stm32f10x_usart.o(.text)
    USART_IrDAConfig                         0x0800284d   Thumb Code    16  stm32f10x_usart.o(.text)
    USART_IrDACmd                            0x0800285d   Thumb Code    20  stm32f10x_usart.o(.text)
    USART_GetFlagStatus                      0x08002871   Thumb Code    14  stm32f10x_usart.o(.text)
    USART_ClearFlag                          0x0800287f   Thumb Code     6  stm32f10x_usart.o(.text)
    USART_GetITStatus                        0x08002885   Thumb Code    62  stm32f10x_usart.o(.text)
    USART_ClearITPendingBit                  0x080028c3   Thumb Code    12  stm32f10x_usart.o(.text)
    __aeabi_memclr4                          0x080028e5   Thumb Code     0  rt_memclr_w.o(.text)
    __aeabi_memclr8                          0x080028e5   Thumb Code     0  rt_memclr_w.o(.text)
    __rt_memclr_w                            0x080028e5   Thumb Code    78  rt_memclr_w.o(.text)
    _memset_w                                0x080028e9   Thumb Code     0  rt_memclr_w.o(.text)
    __use_two_region_memory                  0x08002933   Thumb Code     2  heapauxi.o(.text)
    __rt_heap_escrow$2region                 0x08002935   Thumb Code     2  heapauxi.o(.text)
    __rt_heap_expand$2region                 0x08002937   Thumb Code     2  heapauxi.o(.text)
    __user_setup_stackheap                   0x08002939   Thumb Code    74  sys_stackheap_outer.o(.text)
    exit                                     0x08002983   Thumb Code    18  exit.o(.text)
    __user_libspace                          0x08002995   Thumb Code     8  libspace.o(.text)
    __user_perproc_libspace                  0x08002995   Thumb Code     0  libspace.o(.text)
    __user_perthread_libspace                0x08002995   Thumb Code     0  libspace.o(.text)
    _sys_exit                                0x0800299d   Thumb Code     8  sys_exit.o(.text)
    __I$use$semihosting                      0x080029a9   Thumb Code     0  use_no_semi.o(.text)
    __use_no_semihosting_swi                 0x080029a9   Thumb Code     2  use_no_semi.o(.text)
    __semihosting_library_function           0x080029ab   Thumb Code     0  indicate_semi.o(.text)
    atk_mc2640_init_uxga_cfg                 0x080029aa   Data         356  ov2640_cfg.o(.constdata)
    atk_mc2640_set_yuv422_cfg                0x08002b0e   Data          16  ov2640_cfg.o(.constdata)
    atk_mc2640_set_jpeg_cfg                  0x08002b1e   Data          14  ov2640_cfg.o(.constdata)
    Region$$Table$$Base                      0x08002b2c   Number         0  anon$$obj.o(Region$$Table)
    Region$$Table$$Limit                     0x08002b4c   Number         0  anon$$obj.o(Region$$Table)
    Font8x16                                 0x20000000   Data        1520  oled_font.o(.data)
    SystemCoreClock                          0x200005f0   Data           4  system_stm32f10x.o(.data)
    AHBPrescTable                            0x200005f4   Data          16  system_stm32f10x.o(.data)
    __libspace_start                         0x20000618   Data          96  libspace.o(.bss)
    __temporary_stack_top$libspace           0x20000678   Data           0  libspace.o(.bss)



==============================================================================

Memory Map of the image

  Image Entry point : 0x080000ed

  Load Region LR_IROM1 (Base: 0x08000000, Size: 0x00003164, Max: 0x00010000, ABSOLUTE, COMPRESSED[0x00002ed4])

    Execution Region ER_IROM1 (Exec base: 0x08000000, Load base: 0x08000000, Size: 0x00002b4c, Max: 0x00010000, ABSOLUTE)

    Exec Addr    Load Addr    Size         Type   Attr      Idx    E Section Name        Object

    0x08000000   0x08000000   0x000000ec   Data   RO          337    RESET               startup_stm32f10x_md.o
    0x080000ec   0x080000ec   0x00000008   Code   RO          629  * !!!main             c_w.l(__main.o)
    0x080000f4   0x080000f4   0x00000034   Code   RO          790    !!!scatter          c_w.l(__scatter.o)
    0x08000128   0x08000128   0x0000005a   Code   RO          788    !!dczerorl2         c_w.l(__dczerorl2.o)
    0x08000182   0x08000182   0x00000002   PAD
    0x08000184   0x08000184   0x0000001c   Code   RO          792    !!handler_zi        c_w.l(__scatter_zi.o)
    0x080001a0   0x080001a0   0x00000002   Code   RO          656    .ARM.Collect$$libinit$$00000000  c_w.l(libinit.o)
    0x080001a2   0x080001a2   0x00000000   Code   RO          663    .ARM.Collect$$libinit$$00000002  c_w.l(libinit2.o)
    0x080001a2   0x080001a2   0x00000000   Code   RO          665    .ARM.Collect$$libinit$$00000004  c_w.l(libinit2.o)
    0x080001a2   0x080001a2   0x00000000   Code   RO          668    .ARM.Collect$$libinit$$0000000A  c_w.l(libinit2.o)
    0x080001a2   0x080001a2   0x00000000   Code   RO          670    .ARM.Collect$$libinit$$0000000C  c_w.l(libinit2.o)
    0x080001a2   0x080001a2   0x00000000   Code   RO          672    .ARM.Collect$$libinit$$0000000E  c_w.l(libinit2.o)
    0x080001a2   0x080001a2   0x00000000   Code   RO          675    .ARM.Collect$$libinit$$00000011  c_w.l(libinit2.o)
    0x080001a2   0x080001a2   0x00000000   Code   RO          677    .ARM.Collect$$libinit$$00000013  c_w.l(libinit2.o)
    0x080001a2   0x080001a2   0x00000000   Code   RO          679    .ARM.Collect$$libinit$$00000015  c_w.l(libinit2.o)
    0x080001a2   0x080001a2   0x00000000   Code   RO          681    .ARM.Collect$$libinit$$00000017  c_w.l(libinit2.o)
    0x080001a2   0x080001a2   0x00000000   Code   RO          683    .ARM.Collect$$libinit$$00000019  c_w.l(libinit2.o)
    0x080001a2   0x080001a2   0x00000000   Code   RO          685    .ARM.Collect$$libinit$$0000001B  c_w.l(libinit2.o)
    0x080001a2   0x080001a2   0x00000000   Code   RO          687    .ARM.Collect$$libinit$$0000001D  c_w.l(libinit2.o)
    0x080001a2   0x080001a2   0x00000000   Code   RO          689    .ARM.Collect$$libinit$$0000001F  c_w.l(libinit2.o)
    0x080001a2   0x080001a2   0x00000000   Code   RO          691    .ARM.Collect$$libinit$$00000021  c_w.l(libinit2.o)
    0x080001a2   0x080001a2   0x00000000   Code   RO          693    .ARM.Collect$$libinit$$00000023  c_w.l(libinit2.o)
    0x080001a2   0x080001a2   0x00000000   Code   RO          695    .ARM.Collect$$libinit$$00000025  c_w.l(libinit2.o)
    0x080001a2   0x080001a2   0x00000000   Code   RO          699    .ARM.Collect$$libinit$$0000002C  c_w.l(libinit2.o)
    0x080001a2   0x080001a2   0x00000000   Code   RO          701    .ARM.Collect$$libinit$$0000002E  c_w.l(libinit2.o)
    0x080001a2   0x080001a2   0x00000000   Code   RO          703    .ARM.Collect$$libinit$$00000030  c_w.l(libinit2.o)
    0x080001a2   0x080001a2   0x00000000   Code   RO          705    .ARM.Collect$$libinit$$00000032  c_w.l(libinit2.o)
    0x080001a2   0x080001a2   0x00000002   Code   RO          706    .ARM.Collect$$libinit$$00000033  c_w.l(libinit2.o)
    0x080001a4   0x080001a4   0x00000002   Code   RO          726    .ARM.Collect$$libshutdown$$00000000  c_w.l(libshutdown.o)
    0x080001a6   0x080001a6   0x00000000   Code   RO          739    .ARM.Collect$$libshutdown$$00000002  c_w.l(libshutdown2.o)
    0x080001a6   0x080001a6   0x00000000   Code   RO          741    .ARM.Collect$$libshutdown$$00000004  c_w.l(libshutdown2.o)
    0x080001a6   0x080001a6   0x00000000   Code   RO          743    .ARM.Collect$$libshutdown$$00000006  c_w.l(libshutdown2.o)
    0x080001a6   0x080001a6   0x00000000   Code   RO          746    .ARM.Collect$$libshutdown$$00000009  c_w.l(libshutdown2.o)
    0x080001a6   0x080001a6   0x00000000   Code   RO          749    .ARM.Collect$$libshutdown$$0000000C  c_w.l(libshutdown2.o)
    0x080001a6   0x080001a6   0x00000000   Code   RO          751    .ARM.Collect$$libshutdown$$0000000E  c_w.l(libshutdown2.o)
    0x080001a6   0x080001a6   0x00000000   Code   RO          754    .ARM.Collect$$libshutdown$$00000011  c_w.l(libshutdown2.o)
    0x080001a6   0x080001a6   0x00000002   Code   RO          755    .ARM.Collect$$libshutdown$$00000012  c_w.l(libshutdown2.o)
    0x080001a8   0x080001a8   0x00000000   Code   RO          631    .ARM.Collect$$rtentry$$00000000  c_w.l(__rtentry.o)
    0x080001a8   0x080001a8   0x00000000   Code   RO          633    .ARM.Collect$$rtentry$$00000002  c_w.l(__rtentry2.o)
    0x080001a8   0x080001a8   0x00000006   Code   RO          645    .ARM.Collect$$rtentry$$00000004  c_w.l(__rtentry4.o)
    0x080001ae   0x080001ae   0x00000000   Code   RO          635    .ARM.Collect$$rtentry$$00000009  c_w.l(__rtentry2.o)
    0x080001ae   0x080001ae   0x00000004   Code   RO          636    .ARM.Collect$$rtentry$$0000000A  c_w.l(__rtentry2.o)
    0x080001b2   0x080001b2   0x00000000   Code   RO          638    .ARM.Collect$$rtentry$$0000000C  c_w.l(__rtentry2.o)
    0x080001b2   0x080001b2   0x00000008   Code   RO          639    .ARM.Collect$$rtentry$$0000000D  c_w.l(__rtentry2.o)
    0x080001ba   0x080001ba   0x00000002   Code   RO          660    .ARM.Collect$$rtexit$$00000000  c_w.l(rtexit.o)
    0x080001bc   0x080001bc   0x00000000   Code   RO          708    .ARM.Collect$$rtexit$$00000002  c_w.l(rtexit2.o)
    0x080001bc   0x080001bc   0x00000004   Code   RO          709    .ARM.Collect$$rtexit$$00000003  c_w.l(rtexit2.o)
    0x080001c0   0x080001c0   0x00000006   Code   RO          710    .ARM.Collect$$rtexit$$00000004  c_w.l(rtexit2.o)
    0x080001c6   0x080001c6   0x00000002   PAD
    0x080001c8   0x080001c8   0x0000010c   Code   RO            1    .text               main.o
    0x080002d4   0x080002d4   0x00000016   Code   RO          129    .text               stm32f10x_it.o
    0x080002ea   0x080002ea   0x0000004c   Code   RO          144    .text               delay.o
    0x08000336   0x08000336   0x00000002   PAD
    0x08000338   0x08000338   0x000002b4   Code   RO          163    .text               oled.o
    0x080005ec   0x080005ec   0x00000330   Code   RO          198    .text               ov2640.o
    0x0800091c   0x0800091c   0x00000160   Code   RO          241    .text               i2c.o
    0x08000a7c   0x08000a7c   0x00000400   Code   RO          256    .text               sccb.o
    0x08000e7c   0x08000e7c   0x000000a8   Code   RO          272    .text               uart.o
    0x08000f24   0x08000f24   0x00000154   Code   RO          298    .text               system_stm32f10x.o
    0x08001078   0x08001078   0x00000040   Code   RO          338    .text               startup_stm32f10x_md.o
    0x080010b8   0x080010b8   0x000001c8   Code   RO          438    .text               stm32f10x_dma.o
    0x08001280   0x08001280   0x0000026c   Code   RO          487    .text               stm32f10x_gpio.o
    0x080014ec   0x080014ec   0x00000328   Code   RO          499    .text               stm32f10x_i2c.o
    0x08001814   0x08001814   0x000002b4   Code   RO          535    .text               stm32f10x_rcc.o
    0x08001ac8   0x08001ac8   0x00000af4   Code   RO          586    .text               stm32f10x_tim.o
    0x080025bc   0x080025bc   0x00000328   Code   RO          599    .text               stm32f10x_usart.o
    0x080028e4   0x080028e4   0x0000004e   Code   RO          625    .text               c_w.l(rt_memclr_w.o)
    0x08002932   0x08002932   0x00000006   Code   RO          627    .text               c_w.l(heapauxi.o)
    0x08002938   0x08002938   0x0000004a   Code   RO          647    .text               c_w.l(sys_stackheap_outer.o)
    0x08002982   0x08002982   0x00000012   Code   RO          649    .text               c_w.l(exit.o)
    0x08002994   0x08002994   0x00000008   Code   RO          657    .text               c_w.l(libspace.o)
    0x0800299c   0x0800299c   0x0000000c   Code   RO          718    .text               c_w.l(sys_exit.o)
    0x080029a8   0x080029a8   0x00000002   Code   RO          729    .text               c_w.l(use_no_semi.o)
    0x080029aa   0x080029aa   0x00000000   Code   RO          731    .text               c_w.l(indicate_semi.o)
    0x080029aa   0x080029aa   0x00000164   Data   RO          224    .constdata          ov2640_cfg.o
    0x08002b0e   0x08002b0e   0x00000010   Data   RO          226    .constdata          ov2640_cfg.o
    0x08002b1e   0x08002b1e   0x0000000e   Data   RO          227    .constdata          ov2640_cfg.o
    0x08002b2c   0x08002b2c   0x00000020   Data   RO          786    Region$$Table       anon$$obj.o


    Execution Region RW_IRAM1 (Exec base: 0x20000000, Load base: 0x08002b4c, Size: 0x00004d78, Max: 0x00005000, ABSOLUTE, COMPRESSED[0x00000388])

    Exec Addr    Load Addr    Size         Type   Attr      Idx    E Section Name        Object

    0x20000000   COMPRESSED   0x000005f0   Data   RW          186    .data               oled_font.o
    0x200005f0   COMPRESSED   0x00000014   Data   RW          299    .data               system_stm32f10x.o
    0x20000604   COMPRESSED   0x00000014   Data   RW          536    .data               stm32f10x_rcc.o
    0x20000618        -       0x00000060   Zero   RW          658    .bss                c_w.l(libspace.o)
    0x20000678        -       0x00000200   Zero   RW          336    HEAP                startup_stm32f10x_md.o
    0x20000878        -       0x00004500   Zero   RW          335    STACK               startup_stm32f10x_md.o


==============================================================================

Image component sizes


      Code (inc. data)   RO Data    RW Data    ZI Data      Debug   Object Name

         0          0          0          0          0         32   core_cm3.o
        76          0          0          0          0       1154   delay.o
       352         12          0          0          0       1367   i2c.o
       268         24          0          0          0     269679   main.o
       692          6          0          0          0       4461   oled.o
         0          0          0       1520          0        503   oled_font.o
       816         30          0          0          0       3746   ov2640.o
         0          0        386          0          0        940   ov2640_cfg.o
      1024         20          0          0          0       4229   sccb.o
        64         26        236          0      18176        816   startup_stm32f10x_md.o
       456         10          0          0          0       4554   stm32f10x_dma.o
       620         36          0          0          0       5737   stm32f10x_gpio.o
       808         14          0          0          0       9543   stm32f10x_i2c.o
        22          0          0          0          0       1374   stm32f10x_it.o
       692         32          0         20          0       8868   stm32f10x_rcc.o
      2804         86          0          0          0      22858   stm32f10x_tim.o
       808         22          0          0          0       8652   stm32f10x_usart.o
       340         32          0         20          0       1831   system_stm32f10x.o
       168          8          0          0          0       1196   uart.o

    ----------------------------------------------------------------------
     10012        358        654       1560      18176     351540   Object Totals
         0          0         32          0          0          0   (incl. Generated)
         2          0          0          0          0          0   (incl. Padding)

    ----------------------------------------------------------------------

      Code (inc. data)   RO Data    RW Data    ZI Data      Debug   Library Member Name

        90          0          0          0          0          0   __dczerorl2.o
         8          0          0          0          0         68   __main.o
         0          0          0          0          0          0   __rtentry.o
        12          0          0          0          0          0   __rtentry2.o
         6          0          0          0          0          0   __rtentry4.o
        52          8          0          0          0          0   __scatter.o
        28          0          0          0          0          0   __scatter_zi.o
        18          0          0          0          0         80   exit.o
         6          0          0          0          0        152   heapauxi.o
         0          0          0          0          0          0   indicate_semi.o
         2          0          0          0          0          0   libinit.o
         2          0          0          0          0          0   libinit2.o
         2          0          0          0          0          0   libshutdown.o
         2          0          0          0          0          0   libshutdown2.o
         8          4          0          0         96         68   libspace.o
        78          0          0          0          0         80   rt_memclr_w.o
         2          0          0          0          0          0   rtexit.o
        10          0          0          0          0          0   rtexit2.o
        12          4          0          0          0         68   sys_exit.o
        74          0          0          0          0         80   sys_stackheap_outer.o
         2          0          0          0          0         68   use_no_semi.o

    ----------------------------------------------------------------------
       418         16          0          0         96        664   Library Totals
         4          0          0          0          0          0   (incl. Padding)

    ----------------------------------------------------------------------

      Code (inc. data)   RO Data    RW Data    ZI Data      Debug   Library Name

       414         16          0          0         96        664   c_w.l

    ----------------------------------------------------------------------
       418         16          0          0         96        664   Library Totals

    ----------------------------------------------------------------------

==============================================================================


      Code (inc. data)   RO Data    RW Data    ZI Data      Debug   

     10430        374        654       1560      18272     350172   Grand Totals
     10430        374        654        904      18272     350172   ELF Image Totals (compressed)
     10430        374        654        904          0          0   ROM Totals

==============================================================================

    Total RO  Size (Code + RO Data)                11084 (  10.82kB)
    Total RW  Size (RW Data + ZI Data)             19832 (  19.37kB)
    Total ROM Size (Code + RO Data + RW Data)      11988 (  11.71kB)

==============================================================================

