Component: ARM Compiler 5.06 update 7 (build 960) Tool: armlink [4d3601]

==============================================================================

Section Cross References

    main.o(.text) refers to oled.o(.text) for OLED_Init
    main.o(.text) refers to uart.o(.text) for UART1_Init
    main.o(.text) refers to ov2640.o(.text) for OV2640_Init
    i2c.o(.text) refers to stm32f10x_rcc.o(.text) for RCC_APB2PeriphClockCmd
    i2c.o(.text) refers to stm32f10x_gpio.o(.text) for GPIO_PinRemapConfig
    i2c.o(.text) refers to stm32f10x_i2c.o(.text) for I2C_Init
    oled.o(.text) refers to i2c.o(.text) for SW_I2C_Start
    oled.o(.text) refers to delay.o(.text) for Delay_s
    oled.o(.text) refers to oled_font.o(.data) for Font8x16
    ov2640.o(.text) refers to stm32f10x_gpio.o(.text) for GPIO_ResetBits
    ov2640.o(.text) refers to delay.o(.text) for Delay_ms
    ov2640.o(.text) refers to sccb.o(.text) for SW_SCCB_WriteReg
    ov2640.o(.text) refers to stm32f10x_rcc.o(.text) for RCC_APB2PeriphClockCmd
    ov2640.o(.text) refers to uart.o(.text) for UART1_Transmit
    ov2640.o(.text) refers to ov2640_cfg.o(.constdata) for atk_mc2640_set_yuv422_cfg
    ov2640.o(.text) refers to ov2640.o(.bss) for jpeg_buffer
    sccb.o(.text) refers to stm32f10x_rcc.o(.text) for RCC_APB2PeriphClockCmd
    sccb.o(.text) refers to stm32f10x_gpio.o(.text) for GPIO_Init
    sccb.o(.text) refers to delay.o(.text) for Delay_us
    sccb.o(.text) refers to stm32f10x_i2c.o(.text) for I2C_Init
    uart.o(.text) refers to stm32f10x_dma.o(.text) for DMA_DeInit
    uart.o(.text) refers to stm32f10x_usart.o(.text) for USART_Init
    uart.o(.text) refers to stm32f10x_gpio.o(.text) for GPIO_Init
    uart.o(.text) refers to stm32f10x_rcc.o(.text) for RCC_APB2PeriphClockCmd
    uart.o(.text) refers to strlen.o(.text) for strlen
    system_stm32f10x.o(.text) refers to system_stm32f10x.o(.data) for SystemCoreClock
    startup_stm32f10x_md.o(RESET) refers to startup_stm32f10x_md.o(STACK) for __initial_sp
    startup_stm32f10x_md.o(RESET) refers to startup_stm32f10x_md.o(.text) for Reset_Handler
    startup_stm32f10x_md.o(RESET) refers to stm32f10x_it.o(.text) for NMI_Handler
    startup_stm32f10x_md.o(.text) refers to system_stm32f10x.o(.text) for SystemInit
    startup_stm32f10x_md.o(.text) refers to entry.o(.ARM.Collect$$$$00000000) for __main
    stm32f10x_adc.o(.text) refers to stm32f10x_rcc.o(.text) for RCC_APB2PeriphResetCmd
    stm32f10x_bkp.o(.text) refers to stm32f10x_rcc.o(.text) for RCC_BackupResetCmd
    stm32f10x_can.o(.text) refers to stm32f10x_rcc.o(.text) for RCC_APB1PeriphResetCmd
    stm32f10x_cec.o(.text) refers to stm32f10x_rcc.o(.text) for RCC_APB1PeriphResetCmd
    stm32f10x_dac.o(.text) refers to stm32f10x_rcc.o(.text) for RCC_APB1PeriphResetCmd
    stm32f10x_gpio.o(.text) refers to stm32f10x_rcc.o(.text) for RCC_APB2PeriphResetCmd
    stm32f10x_i2c.o(.text) refers to stm32f10x_rcc.o(.text) for RCC_APB1PeriphResetCmd
    stm32f10x_pwr.o(.text) refers to stm32f10x_rcc.o(.text) for RCC_APB1PeriphResetCmd
    stm32f10x_rcc.o(.text) refers to stm32f10x_rcc.o(.data) for APBAHBPrescTable
    stm32f10x_spi.o(.text) refers to stm32f10x_rcc.o(.text) for RCC_APB2PeriphResetCmd
    stm32f10x_tim.o(.text) refers to stm32f10x_rcc.o(.text) for RCC_APB2PeriphResetCmd
    stm32f10x_usart.o(.text) refers to stm32f10x_rcc.o(.text) for RCC_APB2PeriphResetCmd
    stm32f10x_wwdg.o(.text) refers to stm32f10x_rcc.o(.text) for RCC_APB1PeriphResetCmd
    entry.o(.ARM.Collect$$$$00000000) refers (Special) to entry10a.o(.ARM.Collect$$$$0000000F) for __rt_final_cpp
    entry.o(.ARM.Collect$$$$00000000) refers (Special) to entry11a.o(.ARM.Collect$$$$00000011) for __rt_final_exit
    entry.o(.ARM.Collect$$$$00000000) refers (Special) to entry12b.o(.ARM.Collect$$$$0000000E) for __rt_lib_shutdown_fini
    entry.o(.ARM.Collect$$$$00000000) refers (Special) to entry7b.o(.ARM.Collect$$$$00000008) for _main_clock
    entry.o(.ARM.Collect$$$$00000000) refers (Special) to entry8b.o(.ARM.Collect$$$$0000000A) for _main_cpp_init
    entry.o(.ARM.Collect$$$$00000000) refers (Special) to entry9a.o(.ARM.Collect$$$$0000000B) for _main_init
    entry.o(.ARM.Collect$$$$00000000) refers (Special) to entry5.o(.ARM.Collect$$$$00000004) for _main_scatterload
    entry.o(.ARM.Collect$$$$00000000) refers (Special) to entry2.o(.ARM.Collect$$$$00000001) for _main_stk
    entry2.o(.ARM.Collect$$$$00000001) refers to entry2.o(.ARM.Collect$$$$00002712) for __lit__00000000
    entry2.o(.ARM.Collect$$$$00002712) refers to startup_stm32f10x_md.o(STACK) for __initial_sp
    entry2.o(__vectab_stack_and_reset_area) refers to startup_stm32f10x_md.o(STACK) for __initial_sp
    entry2.o(__vectab_stack_and_reset_area) refers to entry.o(.ARM.Collect$$$$00000000) for __main
    entry5.o(.ARM.Collect$$$$00000004) refers to init.o(.text) for __scatterload
    entry9a.o(.ARM.Collect$$$$0000000B) refers to main.o(.text) for main
    entry9b.o(.ARM.Collect$$$$0000000C) refers to main.o(.text) for main
    init.o(.text) refers to entry5.o(.ARM.Collect$$$$00000004) for __main_after_scatterload


==============================================================================

Removing Unused input sections from the image.

    Removing uart.o(.data), (4 bytes).
    Removing core_cm3.o(.emb_text), (32 bytes).
    Removing startup_stm32f10x_md.o(HEAP), (512 bytes).
    Removing misc.o(.text), (220 bytes).
    Removing stm32f10x_adc.o(.text), (1102 bytes).
    Removing stm32f10x_bkp.o(.text), (196 bytes).
    Removing stm32f10x_can.o(.text), (2544 bytes).
    Removing stm32f10x_cec.o(.text), (288 bytes).
    Removing stm32f10x_crc.o(.text), (72 bytes).
    Removing stm32f10x_dac.o(.text), (396 bytes).
    Removing stm32f10x_dbgmcu.o(.text), (48 bytes).
    Removing stm32f10x_exti.o(.text), (284 bytes).
    Removing stm32f10x_flash.o(.text), (1468 bytes).
    Removing stm32f10x_fsmc.o(.text), (1548 bytes).
    Removing stm32f10x_iwdg.o(.text), (64 bytes).
    Removing stm32f10x_pwr.o(.text), (192 bytes).
    Removing stm32f10x_rtc.o(.text), (352 bytes).
    Removing stm32f10x_sdio.o(.text), (452 bytes).
    Removing stm32f10x_spi.o(.text), (780 bytes).
    Removing stm32f10x_tim.o(.text), (3610 bytes).
    Removing stm32f10x_wwdg.o(.text), (136 bytes).

21 unused section(s) (total 14300 bytes) removed from the image.

==============================================================================

Image Symbol Table

    Local Symbols

    Symbol Name                              Value     Ov Type        Size  Object(Section)

    ../clib/../cmprslib/zerorunl2.c          0x00000000   Number         0  __dczerorl2.o ABSOLUTE
    ../clib/microlib/init/entry.s            0x00000000   Number         0  entry10b.o ABSOLUTE
    ../clib/microlib/init/entry.s            0x00000000   Number         0  entry10a.o ABSOLUTE
    ../clib/microlib/init/entry.s            0x00000000   Number         0  entry9b.o ABSOLUTE
    ../clib/microlib/init/entry.s            0x00000000   Number         0  entry9a.o ABSOLUTE
    ../clib/microlib/init/entry.s            0x00000000   Number         0  entry2.o ABSOLUTE
    ../clib/microlib/init/entry.s            0x00000000   Number         0  entry.o ABSOLUTE
    ../clib/microlib/init/entry.s            0x00000000   Number         0  entry5.o ABSOLUTE
    ../clib/microlib/init/entry.s            0x00000000   Number         0  entry11a.o ABSOLUTE
    ../clib/microlib/init/entry.s            0x00000000   Number         0  entry7a.o ABSOLUTE
    ../clib/microlib/init/entry.s            0x00000000   Number         0  entry12b.o ABSOLUTE
    ../clib/microlib/init/entry.s            0x00000000   Number         0  entry7b.o ABSOLUTE
    ../clib/microlib/init/entry.s            0x00000000   Number         0  entry12a.o ABSOLUTE
    ../clib/microlib/init/entry.s            0x00000000   Number         0  entry8a.o ABSOLUTE
    ../clib/microlib/init/entry.s            0x00000000   Number         0  entry11b.o ABSOLUTE
    ../clib/microlib/init/entry.s            0x00000000   Number         0  entry8b.o ABSOLUTE
    ../clib/microlib/string/strlen.c         0x00000000   Number         0  strlen.o ABSOLUTE
    ../clib/microlib/stubs.s                 0x00000000   Number         0  useno.o ABSOLUTE
    app\main.c                               0x00000000   Number         0  main.o ABSOLUTE
    app\stm32f10x_it.c                       0x00000000   Number         0  stm32f10x_it.o ABSOLUTE
    dc.s                                     0x00000000   Number         0  dc.o ABSOLUTE
    drivers\\cmsis\\core\\core_cm3.c         0x00000000   Number         0  core_cm3.o ABSOLUTE
    drivers\cmsis\core\core_cm3.c            0x00000000   Number         0  core_cm3.o ABSOLUTE
    drivers\cmsis\device\startup\startup_stm32f10x_md.s 0x00000000   Number         0  startup_stm32f10x_md.o ABSOLUTE
    drivers\cmsis\device\system_stm32f10x.c  0x00000000   Number         0  system_stm32f10x.o ABSOLUTE
    drivers\i2c.c                            0x00000000   Number         0  i2c.o ABSOLUTE
    drivers\oled.c                           0x00000000   Number         0  oled.o ABSOLUTE
    drivers\oled_font.c                      0x00000000   Number         0  oled_font.o ABSOLUTE
    drivers\ov2640.c                         0x00000000   Number         0  ov2640.o ABSOLUTE
    drivers\ov2640_cfg.c                     0x00000000   Number         0  ov2640_cfg.o ABSOLUTE
    drivers\sccb.c                           0x00000000   Number         0  sccb.o ABSOLUTE
    drivers\sht30.c                          0x00000000   Number         0  sht30.o ABSOLUTE
    drivers\spl\src\misc.c                   0x00000000   Number         0  misc.o ABSOLUTE
    drivers\spl\src\stm32f10x_adc.c          0x00000000   Number         0  stm32f10x_adc.o ABSOLUTE
    drivers\spl\src\stm32f10x_bkp.c          0x00000000   Number         0  stm32f10x_bkp.o ABSOLUTE
    drivers\spl\src\stm32f10x_can.c          0x00000000   Number         0  stm32f10x_can.o ABSOLUTE
    drivers\spl\src\stm32f10x_cec.c          0x00000000   Number         0  stm32f10x_cec.o ABSOLUTE
    drivers\spl\src\stm32f10x_crc.c          0x00000000   Number         0  stm32f10x_crc.o ABSOLUTE
    drivers\spl\src\stm32f10x_dac.c          0x00000000   Number         0  stm32f10x_dac.o ABSOLUTE
    drivers\spl\src\stm32f10x_dbgmcu.c       0x00000000   Number         0  stm32f10x_dbgmcu.o ABSOLUTE
    drivers\spl\src\stm32f10x_dma.c          0x00000000   Number         0  stm32f10x_dma.o ABSOLUTE
    drivers\spl\src\stm32f10x_exti.c         0x00000000   Number         0  stm32f10x_exti.o ABSOLUTE
    drivers\spl\src\stm32f10x_flash.c        0x00000000   Number         0  stm32f10x_flash.o ABSOLUTE
    drivers\spl\src\stm32f10x_fsmc.c         0x00000000   Number         0  stm32f10x_fsmc.o ABSOLUTE
    drivers\spl\src\stm32f10x_gpio.c         0x00000000   Number         0  stm32f10x_gpio.o ABSOLUTE
    drivers\spl\src\stm32f10x_i2c.c          0x00000000   Number         0  stm32f10x_i2c.o ABSOLUTE
    drivers\spl\src\stm32f10x_iwdg.c         0x00000000   Number         0  stm32f10x_iwdg.o ABSOLUTE
    drivers\spl\src\stm32f10x_pwr.c          0x00000000   Number         0  stm32f10x_pwr.o ABSOLUTE
    drivers\spl\src\stm32f10x_rcc.c          0x00000000   Number         0  stm32f10x_rcc.o ABSOLUTE
    drivers\spl\src\stm32f10x_rtc.c          0x00000000   Number         0  stm32f10x_rtc.o ABSOLUTE
    drivers\spl\src\stm32f10x_sdio.c         0x00000000   Number         0  stm32f10x_sdio.o ABSOLUTE
    drivers\spl\src\stm32f10x_spi.c          0x00000000   Number         0  stm32f10x_spi.o ABSOLUTE
    drivers\spl\src\stm32f10x_tim.c          0x00000000   Number         0  stm32f10x_tim.o ABSOLUTE
    drivers\spl\src\stm32f10x_usart.c        0x00000000   Number         0  stm32f10x_usart.o ABSOLUTE
    drivers\spl\src\stm32f10x_wwdg.c         0x00000000   Number         0  stm32f10x_wwdg.o ABSOLUTE
    drivers\uart.c                           0x00000000   Number         0  uart.o ABSOLUTE
    handlers.s                               0x00000000   Number         0  handlers.o ABSOLUTE
    init.s                                   0x00000000   Number         0  init.o ABSOLUTE
    middleware\delay.c                       0x00000000   Number         0  delay.o ABSOLUTE
    RESET                                    0x08000000   Section      236  startup_stm32f10x_md.o(RESET)
    .ARM.Collect$$$$00000000                 0x080000ec   Section        0  entry.o(.ARM.Collect$$$$00000000)
    .ARM.Collect$$$$00000001                 0x080000ec   Section        4  entry2.o(.ARM.Collect$$$$00000001)
    .ARM.Collect$$$$00000004                 0x080000f0   Section        4  entry5.o(.ARM.Collect$$$$00000004)
    .ARM.Collect$$$$00000008                 0x080000f4   Section        0  entry7b.o(.ARM.Collect$$$$00000008)
    .ARM.Collect$$$$0000000A                 0x080000f4   Section        0  entry8b.o(.ARM.Collect$$$$0000000A)
    .ARM.Collect$$$$0000000B                 0x080000f4   Section        8  entry9a.o(.ARM.Collect$$$$0000000B)
    .ARM.Collect$$$$0000000E                 0x080000fc   Section        4  entry12b.o(.ARM.Collect$$$$0000000E)
    .ARM.Collect$$$$0000000F                 0x08000100   Section        0  entry10a.o(.ARM.Collect$$$$0000000F)
    .ARM.Collect$$$$00000011                 0x08000100   Section        0  entry11a.o(.ARM.Collect$$$$00000011)
    .ARM.Collect$$$$00002712                 0x08000100   Section        4  entry2.o(.ARM.Collect$$$$00002712)
    __lit__00000000                          0x08000100   Data           4  entry2.o(.ARM.Collect$$$$00002712)
    .text                                    0x08000104   Section        0  main.o(.text)
    .text                                    0x08000144   Section        0  stm32f10x_it.o(.text)
    .text                                    0x0800015e   Section        0  delay.o(.text)
    .text                                    0x080001bc   Section        0  i2c.o(.text)
    .text                                    0x0800032c   Section        0  oled.o(.text)
    .text                                    0x08000620   Section        0  ov2640.o(.text)
    .text                                    0x080008dc   Section        0  sccb.o(.text)
    .text                                    0x08000bb8   Section        0  uart.o(.text)
    UART1_USART_Init                         0x08000bff   Thumb Code    54  uart.o(.text)
    UART1_GPIO_Init                          0x08000c35   Thumb Code    52  uart.o(.text)
    .text                                    0x08000d68   Section        0  system_stm32f10x.o(.text)
    SetSysClockTo72                          0x08000d69   Thumb Code   214  system_stm32f10x.o(.text)
    SetSysClock                              0x08000e3f   Thumb Code     8  system_stm32f10x.o(.text)
    .text                                    0x08000f48   Section       36  startup_stm32f10x_md.o(.text)
    .text                                    0x08000f6c   Section        0  stm32f10x_dma.o(.text)
    .text                                    0x080011c0   Section        0  stm32f10x_gpio.o(.text)
    .text                                    0x0800151c   Section        0  stm32f10x_i2c.o(.text)
    .text                                    0x08001920   Section        0  stm32f10x_rcc.o(.text)
    .text                                    0x08001cc4   Section        0  stm32f10x_usart.o(.text)
    .text                                    0x080020cc   Section        0  strlen.o(.text)
    .text                                    0x080020dc   Section       36  init.o(.text)
    .text                                    0x08002100   Section        0  __dczerorl2.o(.text)
    i.__scatterload_copy                     0x08002156   Section       14  handlers.o(i.__scatterload_copy)
    i.__scatterload_null                     0x08002164   Section        2  handlers.o(i.__scatterload_null)
    i.__scatterload_zeroinit                 0x08002166   Section       14  handlers.o(i.__scatterload_zeroinit)
    .constdata                               0x08002174   Section      772  ov2640_cfg.o(.constdata)
    .data                                    0x20000000   Section     1520  oled_font.o(.data)
    .data                                    0x200005f0   Section       20  system_stm32f10x.o(.data)
    .data                                    0x20000604   Section       20  stm32f10x_rcc.o(.data)
    APBAHBPrescTable                         0x20000604   Data          16  stm32f10x_rcc.o(.data)
    ADCPrescTable                            0x20000614   Data           4  stm32f10x_rcc.o(.data)
    .bss                                     0x20000618   Section    16384  ov2640.o(.bss)
    STACK                                    0x20004618   Section     1024  startup_stm32f10x_md.o(STACK)

    Global Symbols

    Symbol Name                              Value     Ov Type        Size  Object(Section)

    BuildAttributes$$THM_ISAv4$P$D$K$B$S$PE$A:L22UL41UL21$X:L11$S22US41US21$IEEE1$IW$USESV6$~STKCKD$USESV7$~SHL$OSPACE$EBA8$MICROLIB$REQ8$PRES8$EABIv2 0x00000000   Number         0  anon$$obj.o ABSOLUTE
    __ARM_use_no_argv                        0x00000000   Number         0  main.o ABSOLUTE
    __use_no_errno                           0x00000000   Number         0  useno.o ABSOLUTE
    __use_no_exception_handling              0x00000000   Number         0  useno.o ABSOLUTE
    __use_no_fp                              0x00000000   Number         0  useno.o ABSOLUTE
    __use_no_heap                            0x00000000   Number         0  useno.o ABSOLUTE
    __use_no_heap_region                     0x00000000   Number         0  useno.o ABSOLUTE
    __use_no_semihosting                     0x00000000   Number         0  useno.o ABSOLUTE
    __use_no_semihosting_swi                 0x00000000   Number         0  useno.o ABSOLUTE
    __use_no_signal_handling                 0x00000000   Number         0  useno.o ABSOLUTE
    __arm_fini_                               - Undefined Weak Reference
    __cpp_initialize__aeabi_                  - Undefined Weak Reference
    __cxa_finalize                            - Undefined Weak Reference
    _clock_init                               - Undefined Weak Reference
    _microlib_exit                            - Undefined Weak Reference
    __Vectors_Size                           0x000000ec   Number         0  startup_stm32f10x_md.o ABSOLUTE
    __Vectors                                0x08000000   Data           4  startup_stm32f10x_md.o(RESET)
    __Vectors_End                            0x080000ec   Data           0  startup_stm32f10x_md.o(RESET)
    __main                                   0x080000ed   Thumb Code     0  entry.o(.ARM.Collect$$$$00000000)
    _main_stk                                0x080000ed   Thumb Code     0  entry2.o(.ARM.Collect$$$$00000001)
    _main_scatterload                        0x080000f1   Thumb Code     0  entry5.o(.ARM.Collect$$$$00000004)
    __main_after_scatterload                 0x080000f5   Thumb Code     0  entry5.o(.ARM.Collect$$$$00000004)
    _main_clock                              0x080000f5   Thumb Code     0  entry7b.o(.ARM.Collect$$$$00000008)
    _main_cpp_init                           0x080000f5   Thumb Code     0  entry8b.o(.ARM.Collect$$$$0000000A)
    _main_init                               0x080000f5   Thumb Code     0  entry9a.o(.ARM.Collect$$$$0000000B)
    __rt_lib_shutdown_fini                   0x080000fd   Thumb Code     0  entry12b.o(.ARM.Collect$$$$0000000E)
    __rt_final_cpp                           0x08000101   Thumb Code     0  entry10a.o(.ARM.Collect$$$$0000000F)
    __rt_final_exit                          0x08000101   Thumb Code     0  entry11a.o(.ARM.Collect$$$$00000011)
    main                                     0x08000105   Thumb Code    58  main.o(.text)
    NMI_Handler                              0x08000145   Thumb Code     2  stm32f10x_it.o(.text)
    HardFault_Handler                        0x08000147   Thumb Code     4  stm32f10x_it.o(.text)
    MemManage_Handler                        0x0800014b   Thumb Code     4  stm32f10x_it.o(.text)
    BusFault_Handler                         0x0800014f   Thumb Code     4  stm32f10x_it.o(.text)
    UsageFault_Handler                       0x08000153   Thumb Code     4  stm32f10x_it.o(.text)
    SVC_Handler                              0x08000157   Thumb Code     2  stm32f10x_it.o(.text)
    DebugMon_Handler                         0x08000159   Thumb Code     2  stm32f10x_it.o(.text)
    PendSV_Handler                           0x0800015b   Thumb Code     2  stm32f10x_it.o(.text)
    SysTick_Handler                          0x0800015d   Thumb Code     2  stm32f10x_it.o(.text)
    Delay_us                                 0x0800015f   Thumb Code    46  delay.o(.text)
    Delay_ms                                 0x0800018d   Thumb Code    24  delay.o(.text)
    Delay_s                                  0x080001a5   Thumb Code    24  delay.o(.text)
    SW_I2C_Init                              0x080001bd   Thumb Code    66  i2c.o(.text)
    SW_I2C_Start                             0x080001ff   Thumb Code    44  i2c.o(.text)
    SW_I2C_Stop                              0x0800022b   Thumb Code    34  i2c.o(.text)
    SW_I2C_TransmitByte                      0x0800024d   Thumb Code   102  i2c.o(.text)
    HW_I2C_Init                              0x080002b3   Thumb Code   104  i2c.o(.text)
    I2C_WC_SSD1306                           0x0800032d   Thumb Code    32  oled.o(.text)
    I2C_WD_SSD1306                           0x0800034d   Thumb Code    32  oled.o(.text)
    OLED_SetCursor                           0x0800036d   Thumb Code    34  oled.o(.text)
    OLED_Clear                               0x0800038f   Thumb Code    42  oled.o(.text)
    OLED_ShowChar                            0x080003b9   Thumb Code   110  oled.o(.text)
    OLED_ShowString                          0x08000427   Thumb Code    40  oled.o(.text)
    OLED_Pow                                 0x0800044f   Thumb Code    20  oled.o(.text)
    OLED_ShowNum                             0x08000463   Thumb Code    68  oled.o(.text)
    OLED_ShowSignedNum                       0x080004a7   Thumb Code   102  oled.o(.text)
    OLED_ShowHexNum                          0x0800050d   Thumb Code    84  oled.o(.text)
    OLED_ShowBinNum                          0x08000561   Thumb Code    62  oled.o(.text)
    OLED_Init                                0x0800059f   Thumb Code   126  oled.o(.text)
    OV2640_HW_Reset                          0x08000621   Thumb Code    32  ov2640.o(.text)
    OV2640_SetPowerDownMode                  0x08000641   Thumb Code    26  ov2640.o(.text)
    OV2640_GetPID                            0x0800065b   Thumb Code    44  ov2640.o(.text)
    OV2640_GetMID                            0x08000687   Thumb Code    44  ov2640.o(.text)
    OV2640_Init_Config                       0x080006b3   Thumb Code    54  ov2640.o(.text)
    OV2640_IO_Init                           0x080006e9   Thumb Code   120  ov2640.o(.text)
    OV2640_Set_Output_JPEG                   0x08000761   Thumb Code    20  ov2640.o(.text)
    OV2640_Set_Output_Size                   0x08000775   Thumb Code    88  ov2640.o(.text)
    OV2640_Test_Capture_UART                 0x080007cd   Thumb Code   168  ov2640.o(.text)
    OV2640_Init                              0x08000875   Thumb Code    78  ov2640.o(.text)
    SW_SCCB_Init                             0x080008dd   Thumb Code    38  sccb.o(.text)
    SW_SCCB_SIO_D_SetInput                   0x08000903   Thumb Code    32  sccb.o(.text)
    SW_SCCB_SIO_D_SetOutput                  0x08000923   Thumb Code    30  sccb.o(.text)
    SW_SCCB_Start                            0x08000941   Thumb Code    66  sccb.o(.text)
    SW_SCCB_Stop                             0x08000983   Thumb Code    54  sccb.o(.text)
    SW_SCCB_Write_Byte                       0x080009b9   Thumb Code   160  sccb.o(.text)
    SW_SCCB_Read_Byte                        0x08000a59   Thumb Code   146  sccb.o(.text)
    SW_SCCB_WriteReg                         0x08000aeb   Thumb Code    36  sccb.o(.text)
    SW_SCCB_ReadReg                          0x08000b0f   Thumb Code    52  sccb.o(.text)
    SCCB_Init                                0x08000b43   Thumb Code   104  sccb.o(.text)
    UART1_DMA_Init                           0x08000bb9   Thumb Code    70  uart.o(.text)
    UART1_Init                               0x08000c69   Thumb Code    48  uart.o(.text)
    UART1_Transmit                           0x08000c99   Thumb Code    94  uart.o(.text)
    UART1_SendString                         0x08000cf7   Thumb Code    28  uart.o(.text)
    UART_Receive                             0x08000d13   Thumb Code    46  uart.o(.text)
    _sys_exit                                0x08000d41   Thumb Code     4  uart.o(.text)
    fputc                                    0x08000d45   Thumb Code    22  uart.o(.text)
    SystemInit                               0x08000e47   Thumb Code    78  system_stm32f10x.o(.text)
    SystemCoreClockUpdate                    0x08000e95   Thumb Code   142  system_stm32f10x.o(.text)
    Reset_Handler                            0x08000f49   Thumb Code     8  startup_stm32f10x_md.o(.text)
    ADC1_2_IRQHandler                        0x08000f63   Thumb Code     0  startup_stm32f10x_md.o(.text)
    CAN1_RX1_IRQHandler                      0x08000f63   Thumb Code     0  startup_stm32f10x_md.o(.text)
    CAN1_SCE_IRQHandler                      0x08000f63   Thumb Code     0  startup_stm32f10x_md.o(.text)
    DMA1_Channel1_IRQHandler                 0x08000f63   Thumb Code     0  startup_stm32f10x_md.o(.text)
    DMA1_Channel2_IRQHandler                 0x08000f63   Thumb Code     0  startup_stm32f10x_md.o(.text)
    DMA1_Channel3_IRQHandler                 0x08000f63   Thumb Code     0  startup_stm32f10x_md.o(.text)
    DMA1_Channel4_IRQHandler                 0x08000f63   Thumb Code     0  startup_stm32f10x_md.o(.text)
    DMA1_Channel5_IRQHandler                 0x08000f63   Thumb Code     0  startup_stm32f10x_md.o(.text)
    DMA1_Channel6_IRQHandler                 0x08000f63   Thumb Code     0  startup_stm32f10x_md.o(.text)
    DMA1_Channel7_IRQHandler                 0x08000f63   Thumb Code     0  startup_stm32f10x_md.o(.text)
    EXTI0_IRQHandler                         0x08000f63   Thumb Code     0  startup_stm32f10x_md.o(.text)
    EXTI15_10_IRQHandler                     0x08000f63   Thumb Code     0  startup_stm32f10x_md.o(.text)
    EXTI1_IRQHandler                         0x08000f63   Thumb Code     0  startup_stm32f10x_md.o(.text)
    EXTI2_IRQHandler                         0x08000f63   Thumb Code     0  startup_stm32f10x_md.o(.text)
    EXTI3_IRQHandler                         0x08000f63   Thumb Code     0  startup_stm32f10x_md.o(.text)
    EXTI4_IRQHandler                         0x08000f63   Thumb Code     0  startup_stm32f10x_md.o(.text)
    EXTI9_5_IRQHandler                       0x08000f63   Thumb Code     0  startup_stm32f10x_md.o(.text)
    FLASH_IRQHandler                         0x08000f63   Thumb Code     0  startup_stm32f10x_md.o(.text)
    I2C1_ER_IRQHandler                       0x08000f63   Thumb Code     0  startup_stm32f10x_md.o(.text)
    I2C1_EV_IRQHandler                       0x08000f63   Thumb Code     0  startup_stm32f10x_md.o(.text)
    I2C2_ER_IRQHandler                       0x08000f63   Thumb Code     0  startup_stm32f10x_md.o(.text)
    I2C2_EV_IRQHandler                       0x08000f63   Thumb Code     0  startup_stm32f10x_md.o(.text)
    PVD_IRQHandler                           0x08000f63   Thumb Code     0  startup_stm32f10x_md.o(.text)
    RCC_IRQHandler                           0x08000f63   Thumb Code     0  startup_stm32f10x_md.o(.text)
    RTCAlarm_IRQHandler                      0x08000f63   Thumb Code     0  startup_stm32f10x_md.o(.text)
    RTC_IRQHandler                           0x08000f63   Thumb Code     0  startup_stm32f10x_md.o(.text)
    SPI1_IRQHandler                          0x08000f63   Thumb Code     0  startup_stm32f10x_md.o(.text)
    SPI2_IRQHandler                          0x08000f63   Thumb Code     0  startup_stm32f10x_md.o(.text)
    TAMPER_IRQHandler                        0x08000f63   Thumb Code     0  startup_stm32f10x_md.o(.text)
    TIM1_BRK_IRQHandler                      0x08000f63   Thumb Code     0  startup_stm32f10x_md.o(.text)
    TIM1_CC_IRQHandler                       0x08000f63   Thumb Code     0  startup_stm32f10x_md.o(.text)
    TIM1_TRG_COM_IRQHandler                  0x08000f63   Thumb Code     0  startup_stm32f10x_md.o(.text)
    TIM1_UP_IRQHandler                       0x08000f63   Thumb Code     0  startup_stm32f10x_md.o(.text)
    TIM2_IRQHandler                          0x08000f63   Thumb Code     0  startup_stm32f10x_md.o(.text)
    TIM3_IRQHandler                          0x08000f63   Thumb Code     0  startup_stm32f10x_md.o(.text)
    TIM4_IRQHandler                          0x08000f63   Thumb Code     0  startup_stm32f10x_md.o(.text)
    USART1_IRQHandler                        0x08000f63   Thumb Code     0  startup_stm32f10x_md.o(.text)
    USART2_IRQHandler                        0x08000f63   Thumb Code     0  startup_stm32f10x_md.o(.text)
    USART3_IRQHandler                        0x08000f63   Thumb Code     0  startup_stm32f10x_md.o(.text)
    USBWakeUp_IRQHandler                     0x08000f63   Thumb Code     0  startup_stm32f10x_md.o(.text)
    USB_HP_CAN1_TX_IRQHandler                0x08000f63   Thumb Code     0  startup_stm32f10x_md.o(.text)
    USB_LP_CAN1_RX0_IRQHandler               0x08000f63   Thumb Code     0  startup_stm32f10x_md.o(.text)
    WWDG_IRQHandler                          0x08000f63   Thumb Code     0  startup_stm32f10x_md.o(.text)
    DMA_DeInit                               0x08000f6d   Thumb Code   324  stm32f10x_dma.o(.text)
    DMA_Init                                 0x080010b1   Thumb Code    60  stm32f10x_dma.o(.text)
    DMA_StructInit                           0x080010ed   Thumb Code    26  stm32f10x_dma.o(.text)
    DMA_Cmd                                  0x08001107   Thumb Code    24  stm32f10x_dma.o(.text)
    DMA_ITConfig                             0x0800111f   Thumb Code    18  stm32f10x_dma.o(.text)
    DMA_SetCurrDataCounter                   0x08001131   Thumb Code     4  stm32f10x_dma.o(.text)
    DMA_GetCurrDataCounter                   0x08001135   Thumb Code     8  stm32f10x_dma.o(.text)
    DMA_GetFlagStatus                        0x0800113d   Thumb Code    40  stm32f10x_dma.o(.text)
    DMA_ClearFlag                            0x08001165   Thumb Code    22  stm32f10x_dma.o(.text)
    DMA_GetITStatus                          0x0800117b   Thumb Code    40  stm32f10x_dma.o(.text)
    DMA_ClearITPendingBit                    0x080011a3   Thumb Code    22  stm32f10x_dma.o(.text)
    GPIO_DeInit                              0x080011c1   Thumb Code   172  stm32f10x_gpio.o(.text)
    GPIO_AFIODeInit                          0x0800126d   Thumb Code    20  stm32f10x_gpio.o(.text)
    GPIO_Init                                0x08001281   Thumb Code   278  stm32f10x_gpio.o(.text)
    GPIO_StructInit                          0x08001397   Thumb Code    16  stm32f10x_gpio.o(.text)
    GPIO_ReadInputDataBit                    0x080013a7   Thumb Code    18  stm32f10x_gpio.o(.text)
    GPIO_ReadInputData                       0x080013b9   Thumb Code     8  stm32f10x_gpio.o(.text)
    GPIO_ReadOutputDataBit                   0x080013c1   Thumb Code    18  stm32f10x_gpio.o(.text)
    GPIO_ReadOutputData                      0x080013d3   Thumb Code     8  stm32f10x_gpio.o(.text)
    GPIO_SetBits                             0x080013db   Thumb Code     4  stm32f10x_gpio.o(.text)
    GPIO_ResetBits                           0x080013df   Thumb Code     4  stm32f10x_gpio.o(.text)
    GPIO_WriteBit                            0x080013e3   Thumb Code    10  stm32f10x_gpio.o(.text)
    GPIO_Write                               0x080013ed   Thumb Code     4  stm32f10x_gpio.o(.text)
    GPIO_PinLockConfig                       0x080013f1   Thumb Code    18  stm32f10x_gpio.o(.text)
    GPIO_EventOutputConfig                   0x08001403   Thumb Code    26  stm32f10x_gpio.o(.text)
    GPIO_EventOutputCmd                      0x0800141d   Thumb Code     6  stm32f10x_gpio.o(.text)
    GPIO_PinRemapConfig                      0x08001423   Thumb Code   138  stm32f10x_gpio.o(.text)
    GPIO_EXTILineConfig                      0x080014ad   Thumb Code    66  stm32f10x_gpio.o(.text)
    GPIO_ETH_MediaInterfaceConfig            0x080014ef   Thumb Code     8  stm32f10x_gpio.o(.text)
    I2C_DeInit                               0x0800151d   Thumb Code    50  stm32f10x_i2c.o(.text)
    I2C_Init                                 0x0800154f   Thumb Code   222  stm32f10x_i2c.o(.text)
    I2C_StructInit                           0x0800162d   Thumb Code    30  stm32f10x_i2c.o(.text)
    I2C_Cmd                                  0x0800164b   Thumb Code    24  stm32f10x_i2c.o(.text)
    I2C_DMACmd                               0x08001663   Thumb Code    24  stm32f10x_i2c.o(.text)
    I2C_DMALastTransferCmd                   0x0800167b   Thumb Code    24  stm32f10x_i2c.o(.text)
    I2C_GenerateSTART                        0x08001693   Thumb Code    24  stm32f10x_i2c.o(.text)
    I2C_GenerateSTOP                         0x080016ab   Thumb Code    24  stm32f10x_i2c.o(.text)
    I2C_AcknowledgeConfig                    0x080016c3   Thumb Code    24  stm32f10x_i2c.o(.text)
    I2C_OwnAddress2Config                    0x080016db   Thumb Code    22  stm32f10x_i2c.o(.text)
    I2C_DualAddressCmd                       0x080016f1   Thumb Code    24  stm32f10x_i2c.o(.text)
    I2C_GeneralCallCmd                       0x08001709   Thumb Code    24  stm32f10x_i2c.o(.text)
    I2C_ITConfig                             0x08001721   Thumb Code    18  stm32f10x_i2c.o(.text)
    I2C_SendData                             0x08001733   Thumb Code     4  stm32f10x_i2c.o(.text)
    I2C_ReceiveData                          0x08001737   Thumb Code     8  stm32f10x_i2c.o(.text)
    I2C_Send7bitAddress                      0x0800173f   Thumb Code    18  stm32f10x_i2c.o(.text)
    I2C_ReadRegister                         0x08001751   Thumb Code    22  stm32f10x_i2c.o(.text)
    I2C_SoftwareResetCmd                     0x08001767   Thumb Code    22  stm32f10x_i2c.o(.text)
    I2C_NACKPositionConfig                   0x0800177d   Thumb Code    28  stm32f10x_i2c.o(.text)
    I2C_SMBusAlertConfig                     0x08001799   Thumb Code    28  stm32f10x_i2c.o(.text)
    I2C_TransmitPEC                          0x080017b5   Thumb Code    24  stm32f10x_i2c.o(.text)
    I2C_PECPositionConfig                    0x080017cd   Thumb Code    28  stm32f10x_i2c.o(.text)
    I2C_CalculatePEC                         0x080017e9   Thumb Code    24  stm32f10x_i2c.o(.text)
    I2C_GetPEC                               0x08001801   Thumb Code     8  stm32f10x_i2c.o(.text)
    I2C_ARPCmd                               0x08001809   Thumb Code    24  stm32f10x_i2c.o(.text)
    I2C_StretchClockCmd                      0x08001821   Thumb Code    24  stm32f10x_i2c.o(.text)
    I2C_FastModeDutyCycleConfig              0x08001839   Thumb Code    28  stm32f10x_i2c.o(.text)
    I2C_CheckEvent                           0x08001855   Thumb Code    42  stm32f10x_i2c.o(.text)
    I2C_GetLastEvent                         0x0800187f   Thumb Code    26  stm32f10x_i2c.o(.text)
    I2C_GetFlagStatus                        0x08001899   Thumb Code    58  stm32f10x_i2c.o(.text)
    I2C_ClearFlag                            0x080018d3   Thumb Code    12  stm32f10x_i2c.o(.text)
    I2C_GetITStatus                          0x080018df   Thumb Code    54  stm32f10x_i2c.o(.text)
    I2C_ClearITPendingBit                    0x08001915   Thumb Code    12  stm32f10x_i2c.o(.text)
    RCC_DeInit                               0x08001921   Thumb Code    64  stm32f10x_rcc.o(.text)
    RCC_HSEConfig                            0x08001961   Thumb Code    70  stm32f10x_rcc.o(.text)
    RCC_GetFlagStatus                        0x080019a7   Thumb Code    56  stm32f10x_rcc.o(.text)
    RCC_WaitForHSEStartUp                    0x080019df   Thumb Code    56  stm32f10x_rcc.o(.text)
    RCC_AdjustHSICalibrationValue            0x08001a17   Thumb Code    20  stm32f10x_rcc.o(.text)
    RCC_HSICmd                               0x08001a2b   Thumb Code     6  stm32f10x_rcc.o(.text)
    RCC_PLLConfig                            0x08001a31   Thumb Code    24  stm32f10x_rcc.o(.text)
    RCC_PLLCmd                               0x08001a49   Thumb Code     6  stm32f10x_rcc.o(.text)
    RCC_SYSCLKConfig                         0x08001a4f   Thumb Code    18  stm32f10x_rcc.o(.text)
    RCC_GetSYSCLKSource                      0x08001a61   Thumb Code    10  stm32f10x_rcc.o(.text)
    RCC_HCLKConfig                           0x08001a6b   Thumb Code    18  stm32f10x_rcc.o(.text)
    RCC_PCLK1Config                          0x08001a7d   Thumb Code    18  stm32f10x_rcc.o(.text)
    RCC_PCLK2Config                          0x08001a8f   Thumb Code    20  stm32f10x_rcc.o(.text)
    RCC_ITConfig                             0x08001aa3   Thumb Code    26  stm32f10x_rcc.o(.text)
    RCC_USBCLKConfig                         0x08001abd   Thumb Code     8  stm32f10x_rcc.o(.text)
    RCC_ADCCLKConfig                         0x08001ac5   Thumb Code    18  stm32f10x_rcc.o(.text)
    RCC_LSEConfig                            0x08001ad7   Thumb Code    50  stm32f10x_rcc.o(.text)
    RCC_LSICmd                               0x08001b09   Thumb Code     6  stm32f10x_rcc.o(.text)
    RCC_RTCCLKConfig                         0x08001b0f   Thumb Code    12  stm32f10x_rcc.o(.text)
    RCC_RTCCLKCmd                            0x08001b1b   Thumb Code     8  stm32f10x_rcc.o(.text)
    RCC_GetClocksFreq                        0x08001b23   Thumb Code   192  stm32f10x_rcc.o(.text)
    RCC_AHBPeriphClockCmd                    0x08001be3   Thumb Code    26  stm32f10x_rcc.o(.text)
    RCC_APB2PeriphClockCmd                   0x08001bfd   Thumb Code    26  stm32f10x_rcc.o(.text)
    RCC_APB1PeriphClockCmd                   0x08001c17   Thumb Code    26  stm32f10x_rcc.o(.text)
    RCC_APB2PeriphResetCmd                   0x08001c31   Thumb Code    26  stm32f10x_rcc.o(.text)
    RCC_APB1PeriphResetCmd                   0x08001c4b   Thumb Code    26  stm32f10x_rcc.o(.text)
    RCC_BackupResetCmd                       0x08001c65   Thumb Code     8  stm32f10x_rcc.o(.text)
    RCC_ClockSecuritySystemCmd               0x08001c6d   Thumb Code     6  stm32f10x_rcc.o(.text)
    RCC_MCOConfig                            0x08001c73   Thumb Code     6  stm32f10x_rcc.o(.text)
    RCC_ClearFlag                            0x08001c79   Thumb Code    14  stm32f10x_rcc.o(.text)
    RCC_GetITStatus                          0x08001c87   Thumb Code    20  stm32f10x_rcc.o(.text)
    RCC_ClearITPendingBit                    0x08001c9b   Thumb Code     6  stm32f10x_rcc.o(.text)
    USART_DeInit                             0x08001cc5   Thumb Code   134  stm32f10x_usart.o(.text)
    USART_Init                               0x08001d4b   Thumb Code   210  stm32f10x_usart.o(.text)
    USART_StructInit                         0x08001e1d   Thumb Code    24  stm32f10x_usart.o(.text)
    USART_ClockInit                          0x08001e35   Thumb Code    34  stm32f10x_usart.o(.text)
    USART_ClockStructInit                    0x08001e57   Thumb Code    12  stm32f10x_usart.o(.text)
    USART_Cmd                                0x08001e63   Thumb Code    24  stm32f10x_usart.o(.text)
    USART_ITConfig                           0x08001e7b   Thumb Code    74  stm32f10x_usart.o(.text)
    USART_DMACmd                             0x08001ec5   Thumb Code    18  stm32f10x_usart.o(.text)
    USART_SetAddress                         0x08001ed7   Thumb Code    18  stm32f10x_usart.o(.text)
    USART_WakeUpConfig                       0x08001ee9   Thumb Code    18  stm32f10x_usart.o(.text)
    USART_ReceiverWakeUpCmd                  0x08001efb   Thumb Code    24  stm32f10x_usart.o(.text)
    USART_LINBreakDetectLengthConfig         0x08001f13   Thumb Code    18  stm32f10x_usart.o(.text)
    USART_LINCmd                             0x08001f25   Thumb Code    24  stm32f10x_usart.o(.text)
    USART_SendData                           0x08001f3d   Thumb Code     8  stm32f10x_usart.o(.text)
    USART_ReceiveData                        0x08001f45   Thumb Code    10  stm32f10x_usart.o(.text)
    USART_SendBreak                          0x08001f4f   Thumb Code    10  stm32f10x_usart.o(.text)
    USART_SetGuardTime                       0x08001f59   Thumb Code    16  stm32f10x_usart.o(.text)
    USART_SetPrescaler                       0x08001f69   Thumb Code    16  stm32f10x_usart.o(.text)
    USART_SmartCardCmd                       0x08001f79   Thumb Code    24  stm32f10x_usart.o(.text)
    USART_SmartCardNACKCmd                   0x08001f91   Thumb Code    24  stm32f10x_usart.o(.text)
    USART_HalfDuplexCmd                      0x08001fa9   Thumb Code    24  stm32f10x_usart.o(.text)
    USART_OverSampling8Cmd                   0x08001fc1   Thumb Code    22  stm32f10x_usart.o(.text)
    USART_OneBitMethodCmd                    0x08001fd7   Thumb Code    24  stm32f10x_usart.o(.text)
    USART_IrDAConfig                         0x08001fef   Thumb Code    18  stm32f10x_usart.o(.text)
    USART_IrDACmd                            0x08002001   Thumb Code    24  stm32f10x_usart.o(.text)
    USART_GetFlagStatus                      0x08002019   Thumb Code    26  stm32f10x_usart.o(.text)
    USART_ClearFlag                          0x08002033   Thumb Code    18  stm32f10x_usart.o(.text)
    USART_GetITStatus                        0x08002045   Thumb Code    84  stm32f10x_usart.o(.text)
    USART_ClearITPendingBit                  0x08002099   Thumb Code    52  stm32f10x_usart.o(.text)
    strlen                                   0x080020cd   Thumb Code    14  strlen.o(.text)
    __scatterload                            0x080020dd   Thumb Code    28  init.o(.text)
    __scatterload_rt2                        0x080020dd   Thumb Code     0  init.o(.text)
    __decompress                             0x08002101   Thumb Code     0  __dczerorl2.o(.text)
    __decompress1                            0x08002101   Thumb Code    86  __dczerorl2.o(.text)
    __scatterload_copy                       0x08002157   Thumb Code    14  handlers.o(i.__scatterload_copy)
    __scatterload_null                       0x08002165   Thumb Code     2  handlers.o(i.__scatterload_null)
    __scatterload_zeroinit                   0x08002167   Thumb Code    14  handlers.o(i.__scatterload_zeroinit)
    atk_mc2640_init_uxga_cfg                 0x08002174   Data         712  ov2640_cfg.o(.constdata)
    atk_mc2640_set_yuv422_cfg                0x0800243c   Data          32  ov2640_cfg.o(.constdata)
    atk_mc2640_set_jpeg_cfg                  0x0800245c   Data          28  ov2640_cfg.o(.constdata)
    Region$$Table$$Base                      0x08002478   Number         0  anon$$obj.o(Region$$Table)
    Region$$Table$$Limit                     0x08002498   Number         0  anon$$obj.o(Region$$Table)
    Font8x16                                 0x20000000   Data        1520  oled_font.o(.data)
    SystemCoreClock                          0x200005f0   Data           4  system_stm32f10x.o(.data)
    AHBPrescTable                            0x200005f4   Data          16  system_stm32f10x.o(.data)
    jpeg_buffer                              0x20000618   Data       16384  ov2640.o(.bss)
    __initial_sp                             0x20004a18   Data           0  startup_stm32f10x_md.o(STACK)



==============================================================================

Memory Map of the image

  Image Entry point : 0x080000ed

  Load Region LR_IROM1 (Base: 0x08000000, Size: 0x00002ab0, Max: 0x00010000, ABSOLUTE, COMPRESSED[0x00002824])

    Execution Region ER_IROM1 (Exec base: 0x08000000, Load base: 0x08000000, Size: 0x00002498, Max: 0x00010000, ABSOLUTE)

    Exec Addr    Load Addr    Size         Type   Attr      Idx    E Section Name        Object

    0x08000000   0x08000000   0x000000ec   Data   RO          480    RESET               startup_stm32f10x_md.o
    0x080000ec   0x080000ec   0x00000000   Code   RO          763  * .ARM.Collect$$$$00000000  mc_w.l(entry.o)
    0x080000ec   0x080000ec   0x00000004   Code   RO          768    .ARM.Collect$$$$00000001  mc_w.l(entry2.o)
    0x080000f0   0x080000f0   0x00000004   Code   RO          771    .ARM.Collect$$$$00000004  mc_w.l(entry5.o)
    0x080000f4   0x080000f4   0x00000000   Code   RO          773    .ARM.Collect$$$$00000008  mc_w.l(entry7b.o)
    0x080000f4   0x080000f4   0x00000000   Code   RO          775    .ARM.Collect$$$$0000000A  mc_w.l(entry8b.o)
    0x080000f4   0x080000f4   0x00000008   Code   RO          776    .ARM.Collect$$$$0000000B  mc_w.l(entry9a.o)
    0x080000fc   0x080000fc   0x00000004   Code   RO          783    .ARM.Collect$$$$0000000E  mc_w.l(entry12b.o)
    0x08000100   0x08000100   0x00000000   Code   RO          778    .ARM.Collect$$$$0000000F  mc_w.l(entry10a.o)
    0x08000100   0x08000100   0x00000000   Code   RO          780    .ARM.Collect$$$$00000011  mc_w.l(entry11a.o)
    0x08000100   0x08000100   0x00000004   Code   RO          769    .ARM.Collect$$$$00002712  mc_w.l(entry2.o)
    0x08000104   0x08000104   0x00000040   Code   RO            1    .text               main.o
    0x08000144   0x08000144   0x0000001a   Code   RO          133    .text               stm32f10x_it.o
    0x0800015e   0x0800015e   0x0000005e   Code   RO          203    .text               delay.o
    0x080001bc   0x080001bc   0x00000170   Code   RO          221    .text               i2c.o
    0x0800032c   0x0800032c   0x000002f4   Code   RO          236    .text               oled.o
    0x08000620   0x08000620   0x000002bc   Code   RO          267    .text               ov2640.o
    0x080008dc   0x080008dc   0x000002dc   Code   RO          396    .text               sccb.o
    0x08000bb8   0x08000bb8   0x000001b0   Code   RO          411    .text               uart.o
    0x08000d68   0x08000d68   0x000001e0   Code   RO          441    .text               system_stm32f10x.o
    0x08000f48   0x08000f48   0x00000024   Code   RO          481    .text               startup_stm32f10x_md.o
    0x08000f6c   0x08000f6c   0x00000254   Code   RO          581    .text               stm32f10x_dma.o
    0x080011c0   0x080011c0   0x0000035c   Code   RO          629    .text               stm32f10x_gpio.o
    0x0800151c   0x0800151c   0x00000404   Code   RO          641    .text               stm32f10x_i2c.o
    0x08001920   0x08001920   0x000003a4   Code   RO          677    .text               stm32f10x_rcc.o
    0x08001cc4   0x08001cc4   0x00000408   Code   RO          739    .text               stm32f10x_usart.o
    0x080020cc   0x080020cc   0x0000000e   Code   RO          766    .text               mc_w.l(strlen.o)
    0x080020da   0x080020da   0x00000002   PAD
    0x080020dc   0x080020dc   0x00000024   Code   RO          784    .text               mc_w.l(init.o)
    0x08002100   0x08002100   0x00000056   Code   RO          794    .text               mc_w.l(__dczerorl2.o)
    0x08002156   0x08002156   0x0000000e   Code   RO          788    i.__scatterload_copy  mc_w.l(handlers.o)
    0x08002164   0x08002164   0x00000002   Code   RO          789    i.__scatterload_null  mc_w.l(handlers.o)
    0x08002166   0x08002166   0x0000000e   Code   RO          790    i.__scatterload_zeroinit  mc_w.l(handlers.o)
    0x08002174   0x08002174   0x00000304   Data   RO          298    .constdata          ov2640_cfg.o
    0x08002478   0x08002478   0x00000020   Data   RO          786    Region$$Table       anon$$obj.o


    Execution Region RW_IRAM1 (Exec base: 0x20000000, Load base: 0x08002498, Size: 0x00004a18, Max: 0x00005000, ABSOLUTE, COMPRESSED[0x0000038c])

    Exec Addr    Load Addr    Size         Type   Attr      Idx    E Section Name        Object

    0x20000000   COMPRESSED   0x000005f0   Data   RW          258    .data               oled_font.o
    0x200005f0   COMPRESSED   0x00000014   Data   RW          442    .data               system_stm32f10x.o
    0x20000604   COMPRESSED   0x00000014   Data   RW          678    .data               stm32f10x_rcc.o
    0x20000618        -       0x00004000   Zero   RW          268    .bss                ov2640.o
    0x20004618        -       0x00000400   Zero   RW          478    STACK               startup_stm32f10x_md.o


==============================================================================

Image component sizes


      Code (inc. data)   RO Data    RW Data    ZI Data      Debug   Object Name

         0          0          0          0          0         32   core_cm3.o
        94          0          0          0          0        844   delay.o
       368         18          0          0          0       1307   i2c.o
        64          6          0          0          0       4995   main.o
       756          4          0          0          0       4167   oled.o
         0          0          0       1520          0        511   oled_font.o
       700         26          0          0      16384       5558   ov2640.o
         0          0        772          0          0       3085   ov2640_cfg.o
       732         14          0          0          0       2741   sccb.o
        36          8        236          0       1024        824   startup_stm32f10x_md.o
       596          8          0          0          0       4310   stm32f10x_dma.o
       860         38          0          0          0       5681   stm32f10x_gpio.o
      1028         16          0          0          0       9171   stm32f10x_i2c.o
        26          0          0          0          0     245418   stm32f10x_it.o
       932         36          0         20          0       8844   stm32f10x_rcc.o
      1032         22          0          0          0       8404   stm32f10x_usart.o
       480         38          0         20          0       1823   system_stm32f10x.o
       432         14          0          0          0       3780   uart.o

    ----------------------------------------------------------------------
      8136        248       1040       1560      17408     311495   Object Totals
         0          0         32          0          0          0   (incl. Generated)
         0          0          0          0          0          0   (incl. Padding)

    ----------------------------------------------------------------------

      Code (inc. data)   RO Data    RW Data    ZI Data      Debug   Library Member Name

        86          0          0          0          0          0   __dczerorl2.o
         0          0          0          0          0          0   entry.o
         0          0          0          0          0          0   entry10a.o
         0          0          0          0          0          0   entry11a.o
         4          0          0          0          0          0   entry12b.o
         8          4          0          0          0          0   entry2.o
         4          0          0          0          0          0   entry5.o
         0          0          0          0          0          0   entry7b.o
         0          0          0          0          0          0   entry8b.o
         8          4          0          0          0          0   entry9a.o
        30          0          0          0          0          0   handlers.o
        36          8          0          0          0         68   init.o
        14          0          0          0          0         68   strlen.o

    ----------------------------------------------------------------------
       192         16          0          0          0        136   Library Totals
         2          0          0          0          0          0   (incl. Padding)

    ----------------------------------------------------------------------

      Code (inc. data)   RO Data    RW Data    ZI Data      Debug   Library Name

       190         16          0          0          0        136   mc_w.l

    ----------------------------------------------------------------------
       192         16          0          0          0        136   Library Totals

    ----------------------------------------------------------------------

==============================================================================


      Code (inc. data)   RO Data    RW Data    ZI Data      Debug   

      8328        264       1040       1560      17408     310719   Grand Totals
      8328        264       1040        908      17408     310719   ELF Image Totals (compressed)
      8328        264       1040        908          0          0   ROM Totals

==============================================================================

    Total RO  Size (Code + RO Data)                 9368 (   9.15kB)
    Total RW  Size (RW Data + ZI Data)             18968 (  18.52kB)
    Total ROM Size (Code + RO Data + RW Data)      10276 (  10.04kB)

==============================================================================

